Component: ARM Compiler 5.06 update 2 (build 183) Tool: armlink [4d35b7]

==============================================================================

Section Cross References

    startup_stm32l1xx_md.o(STACK) refers (Special) to heapauxi.o(.text) for __use_two_region_memory
    startup_stm32l1xx_md.o(HEAP) refers (Special) to heapauxi.o(.text) for __use_two_region_memory
    startup_stm32l1xx_md.o(RESET) refers (Special) to heapauxi.o(.text) for __use_two_region_memory
    startup_stm32l1xx_md.o(RESET) refers to startup_stm32l1xx_md.o(STACK) for __initial_sp
    startup_stm32l1xx_md.o(RESET) refers to startup_stm32l1xx_md.o(.text) for Reset_Handler
    startup_stm32l1xx_md.o(RESET) refers to systick.o(.text) for SysTick_Handler
    startup_stm32l1xx_md.o(RESET) refers to lowpower.o(.text) for EXTI0_IRQHandler
    startup_stm32l1xx_md.o(RESET) refers to timx.o(.text) for TIM2_IRQHandler
    startup_stm32l1xx_md.o(RESET) refers to usart.o(.text) for USART1_IRQHandler
    startup_stm32l1xx_md.o(RESET) refers to si4432.o(.text) for EXTI15_10_IRQHandler
    startup_stm32l1xx_md.o(.text) refers (Special) to heapauxi.o(.text) for __use_two_region_memory
    startup_stm32l1xx_md.o(.text) refers to system_stm32l1xx.o(.text) for SystemInit
    startup_stm32l1xx_md.o(.text) refers to __main.o(!!!main) for __main
    startup_stm32l1xx_md.o(.text) refers to startup_stm32l1xx_md.o(HEAP) for Heap_Mem
    startup_stm32l1xx_md.o(.text) refers to startup_stm32l1xx_md.o(STACK) for Stack_Mem
    system_stm32l1xx.o(.text) refers to system_stm32l1xx.o(.data) for PLLMulTable
    i2c.o(.text) refers to gpio.o(.text) for GPIOx_Cfg
    program.o(.text) refers to flash.o(.text) for Flash_Unlock
    program.o(.text) refers to program.o(.constdata) for .constdata
    si4432.o(.text) refers to gpio.o(.text) for GPIOx_Rst
    si4432.o(.text) refers to spi.o(.text) for SPI2_ReadWriteByte
    si4432.o(.text) refers to delay.o(.text) for delay_ms
    si4432.o(.text) refers to faultmanage.o(.text) for Fault_Upload
    si4432.o(.text) refers to systick.o(.text) for Time_Get
    si4432.o(.text) refers to si4432.o(.data) for TestRecFlag
    si4432.o(.text) refers to si4432.o(.bss) for TestRecRSSI
    si4432.o(.text) refers to si4432.o(.constdata) for Si4432Cfg_Tab
    si4432.o(.text) refers to updata.o(.text) for Channel_Get
    si4432.o(.text) refers to thread.o(.text) for Thread_Login
    si4432.o(.text) refers to sys.o(.text) for Ex_NVIC_Config
    si4432.o(.text) refers to dataencrypt.o(.text) for DecryptData
    si4432.o(.text) refers to sign433attr.o(.text) for Get_Sign433_MasterAddr
    si4432.o(.text) refers to command.o(.text) for head_put
    si4432.o(.text) refers to fifo.o(.text) for fifo_putc
    si4432.o(.text) refers to cmdprocess.o(.bss) for rcv433_shortfifo
    spi.o(.text) refers to gpio.o(.text) for GPIOx_Cfg
    sys.o(.text) refers to sys.o(.emb_text) for WFI_SET
    syshard.o(.text) refers to devparttab.o(.text) for DevPivotalSetInit
    syshard.o(.text) refers to systick.o(.text) for SysTick_Init
    syshard.o(.text) refers to program.o(.text) for FlashEncryptionInit
    syshard.o(.text) refers to i2c.o(.text) for I2C_Init
    syshard.o(.text) refers to si4432.o(.text) for Si4432_Init
    syshard.o(.text) refers to userdata.o(.bss) for gSysData
    systick.o(.text) refers to system_stm32l1xx.o(.text) for Get_SysClk_FrqAndSrc
    systick.o(.text) refers to thread.o(.text) for Thread_RunCheck
    systick.o(.text) refers to systick.o(.data) for timer
    test.o(.text) refers to gpio.o(.text) for GPIOx_Cfg
    test.o(.text) refers to test.o(.data) for Test
    usart.o(.text) refers to gpio.o(.text) for GPIOx_Cfg
    usart.o(.text) refers to sys.o(.text) for MY_NVIC_Init
    usart.o(.text) refers to fifo.o(.text) for fifo_putc
    usart.o(.text) refers to cmdprocess.o(.bss) for rcv433fifo
    adc.o(.text) refers to gpio.o(.text) for GPIOx_Cfg
    adc.o(.text) refers to delay.o(.text) for delay_us
    battery.o(.text) refers to adc.o(.text) for ADC_TestPowerON
    battery.o(.text) refers to battery.o(.constdata) for VoltageTab
    battery.o(.text) refers to battery.o(.data) for gPowerPercent
    batteryexeattr.o(.text) refers to rt_memclr_w.o(.text) for __aeabi_memclr4
    batteryexeattr.o(.text) refers to gpio.o(.text) for GPIOx_Get
    batteryexeattr.o(.text) refers to oled.o(.text) for OLED_ShowPicAt
    batteryexeattr.o(.text) refers to adc.o(.text) for ADC_Init
    batteryexeattr.o(.text) refers to battery.o(.text) for Battery_GetPercent
    batteryexeattr.o(.text) refers to lowpower.o(.data) for gSleepFlag
    batteryexeattr.o(.text) refers to touchpadpic.o(.constdata) for PicTab_Bat
    batteryexeattr.o(.text) refers to battery.o(.data) for gPowerLv
    batteryexeattr.o(.text) refers to key.o(.data) for gPswFlag
    lowpower.o(.text) refers to gpio.o(.text) for GPIOx_Cfg
    lowpower.o(.text) refers to sys.o(.emb_text) for DisableIRQ
    lowpower.o(.text) refers to oled.o(.text) for OLED_ClearScreen
[...]
    Threshold                                0x2000001e   Data           1  si4432.o(.data)
    seat                                     0x20000020   Data           1  si4432.o(.data)
    busyTime                                 0x20000022   Data           2  si4432.o(.data)
    idleTime                                 0x20000024   Data           2  si4432.o(.data)
    rand                                     0x20000026   Data           2  si4432.o(.data)
    buf                                      0x20000028   Data           4  si4432.o(.data)
    time                                     0x2000002c   Data           4  si4432.o(.data)
    calculTime                               0x20000030   Data           4  si4432.o(.data)
    .data                                    0x20000034   Section        8  systick.o(.data)
    timer                                    0x20000034   Data           4  systick.o(.data)
    RandTime                                 0x20000038   Data           4  systick.o(.data)
    .data                                    0x2000003c   Section        4  test.o(.data)
    .data                                    0x20000040   Section        2  battery.o(.data)
    .data                                    0x20000042   Section        4  lowpower.o(.data)
    LowPowerTimeCount                        0x20000044   Data           2  lowpower.o(.data)
    .data                                    0x20000048   Section      196  touchpadpic.o(.data)
    .data                                    0x2000010c   Section        3  showled.o(.data)
    gSeat                                    0x2000010c   Data           1  showled.o(.data)
    gStep                                    0x2000010d   Data           1  showled.o(.data)
    a                                        0x2000010e   Data           1  showled.o(.data)
    .data                                    0x20000110   Section       79  key.o(.data)
    InputPassword                            0x20000123   Data           4  key.o(.data)
    PswBit                                   0x20000127   Data           1  key.o(.data)
    key_map                                  0x20000128   Data          24  key.o(.data)
    key_cnt                                  0x20000140   Data          24  key.o(.data)
    MidValidKey                              0x20000158   Data           1  key.o(.data)
    NewKey                                   0x20000159   Data           1  key.o(.data)
    OldKey                                   0x2000015a   Data           1  key.o(.data)
    LstKey                                   0x2000015b   Data           1  key.o(.data)
    LongKeyCount                             0x2000015c   Data           2  key.o(.data)
    FirstPassWord                            0x2000015e   Data           1  key.o(.data)
    .data                                    0x2000015f   Section        2  keyexeattr.o(.data)
    IWDG_flag                                0x2000015f   Data           1  keyexeattr.o(.data)
    first_key                                0x20000160   Data           1  keyexeattr.o(.data)
    .data                                    0x20000164   Section      268  updata.o(.data)
    .data                                    0x20000270   Section        1  upload.o(.data)
    Fault                                    0x20000270   Data           1  upload.o(.data)
    .data                                    0x20000274   Section        5  userdata.o(.data)
    pSceneManage                             0x20000274   Data           4  userdata.o(.data)
    cnt                                      0x20000278   Data           1  userdata.o(.data)
    .data                                    0x20000279   Section        8  dataencrypt.o(.data)
    DevMac                                   0x20000279   Data           4  dataencrypt.o(.data)
    ActiveKey                                0x2000027d   Data           4  dataencrypt.o(.data)
    .data                                    0x20000284   Section        4  devparttab.o(.data)
    pDevPivotalSet                           0x20000284   Data           4  devparttab.o(.data)
    .data                                    0x20000288   Section        5  object.o(.data)
    seat                                     0x2000028c   Data           1  object.o(.data)
    .data                                    0x2000028d   Section        2  sign433.o(.data)
    SendCount                                0x2000028e   Data           1  sign433.o(.data)
    .bss                                     0x20000290   Section      100  si4432.o(.bss)
    .bss                                     0x200002f4   Section       20  unitcfg.o(.bss)
    .bss                                     0x20000308   Section       68  key.o(.bss)
    Queue                                    0x20000311   Data          16  key.o(.bss)
    .bss                                     0x2000034c   Section     3456  cmdprocess.o(.bss)
    sendBuf                                  0x2000076c   Data        1024  cmdprocess.o(.bss)
    sendshortBuf                             0x20000e2c   Data         128  cmdprocess.o(.bss)
    .bss                                     0x200010cc   Section      144  linkscanfifo.o(.bss)
    .bss                                     0x2000115c   Section      324  thread.o(.bss)
    thread                                   0x2000115c   Data         324  thread.o(.bss)
    .bss                                     0x200012a0   Section       44  updata.o(.bss)
    .bss                                     0x200012cc   Section      288  upload.o(.bss)
    UploadUnit                               0x200012cc   Data         288  upload.o(.bss)
    .bss                                     0x200013ec   Section      575  userdata.o(.bss)
    sceneManage                              0x2000140b   Data         544  userdata.o(.bss)
    .bss                                     0x2000162c   Section      320  object.o(.bss)
    RData                                    0x2000162c   Data         320  object.o(.bss)
    .bss                                     0x2000176c   Section      140  userdatadownload.o(.bss)
    .bss                                     0x200017f8   Section       12  sign433.o(.bss)
    .bss                                     0x20001804   Section     1651  linksimplest.o(.bss)
    .bss                                     0x20001e77   Section      351  linksimplesttime.o(.bss)
    .bss                                     0x20001fd8   Section       96  libspace.o(.bss)
    HEAP                                     0x20002038   Section      512  startup_stm32l1xx_md.o(HEAP)
    Heap_Mem                                 0x20002038   Data         512  startup_stm32l1xx_md.o(HEAP)
    STACK                                    0x20002238   Section     2048  startup_stm32l1xx_md.o(STACK)
    Stack_Mem                                0x20002238   Data        2048  startup_stm32l1xx_md.o(STACK)
    __initial_sp                             0x20002a38   Data           0  startup_stm32l1xx_md.o(STACK)

    Global Symbols

    Symbol Name                              Value     Ov Type        Size  Object(Section)

    BuildAttributes$$THM_ISAv4$P$D$K$B$S$PE$A:L22UL41UL21$X:L11$S22US41US21$IEEE1$IW$USESV6$~STKCKD$USESV7$~SHL$OSPACE$ROPI$EBA8$UX$STANDARDLIB$REQ8$PRES8$EABIv2 0x00000000   Number         0  anon$$obj.o ABSOLUTE
    __ARM_use_no_argv                        0x00000000   Number         0  main.o ABSOLUTE
    __ARM_exceptions_init                     - Undefined Weak Reference
    __alloca_initialize                       - Undefined Weak Reference
    __arm_preinit_                            - Undefined Weak Reference
    __cpp_initialize__aeabi_                  - Undefined Weak Reference
    __cxa_finalize                            - Undefined Weak Reference
    __rt_locale                               - Undefined Weak Reference
    __sigvec_lookup                           - Undefined Weak Reference
    _atexit_init                              - Undefined Weak Reference
    _call_atexit_fns                          - Undefined Weak Reference
    _clock_init                               - Undefined Weak Reference
    _fp_trap_init                             - Undefined Weak Reference
    _fp_trap_shutdown                         - Undefined Weak Reference
    _get_lc_collate                           - Undefined Weak Reference
    _get_lc_ctype                             - Undefined Weak Reference
    _get_lc_monetary                          - Undefined Weak Reference
    _get_lc_numeric                           - Undefined Weak Reference
    _get_lc_time                              - Undefined Weak Reference
    _getenv_init                              - Undefined Weak Reference
    _handle_redirection                       - Undefined Weak Reference
    _init_alloc                               - Undefined Weak Reference
    _init_user_alloc                          - Undefined Weak Reference
    _initio                                   - Undefined Weak Reference
    _rand_init                                - Undefined Weak Reference
    _signal_finish                            - Undefined Weak Reference
    _signal_init                              - Undefined Weak Reference
    _terminate_alloc                          - Undefined Weak Reference
    _terminate_user_alloc                     - Undefined Weak Reference
    _terminateio                              - Undefined Weak Reference
    __Vectors_Size                           0x000000f4   Number         0  startup_stm32l1xx_md.o ABSOLUTE
    __Vectors                                0x08006400   Data           4  startup_stm32l1xx_md.o(RESET)
    __Vectors_End                            0x080064f4   Data           0  startup_stm32l1xx_md.o(RESET)
    __main                                   0x080064f5   Thumb Code     8  __main.o(!!!main)
    __scatterload                            0x080064fd   Thumb Code     0  __scatter.o(!!!scatter)
    __scatterload_rt2                        0x080064fd   Thumb Code    44  __scatter.o(!!!scatter)
    __scatterload_rt2_thumb_only             0x080064fd   Thumb Code     0  __scatter.o(!!!scatter)
    __scatterload_null                       0x0800650b   Thumb Code     0  __scatter.o(!!!scatter)
    __decompress                             0x08006531   Thumb Code    90  __dczerorl2.o(!!dczerorl2)
    __decompress1                            0x08006531   Thumb Code     0  __dczerorl2.o(!!dczerorl2)
    __scatterload_zeroinit                   0x0800658d   Thumb Code    28  __scatter_zi.o(!!handler_zi)
    __rt_lib_init                            0x080065a9   Thumb Code     0  libinit.o(.ARM.Collect$$libinit$$00000000)
    __rt_lib_init_alloca_1                   0x080065ab   Thumb Code     0  libinit2.o(.ARM.Collect$$libinit$$0000002E)
    __rt_lib_init_argv_1                     0x080065ab   Thumb Code     0  libinit2.o(.ARM.Collect$$libinit$$0000002C)
    __rt_lib_init_atexit_1                   0x080065ab   Thumb Code     0  libinit2.o(.ARM.Collect$$libinit$$0000001B)
    __rt_lib_init_clock_1                    0x080065ab   Thumb Code     0  libinit2.o(.ARM.Collect$$libinit$$00000021)
    __rt_lib_init_cpp_1                      0x080065ab   Thumb Code     0  libinit2.o(.ARM.Collect$$libinit$$00000032)
    __rt_lib_init_exceptions_1               0x080065ab   Thumb Code     0  libinit2.o(.ARM.Collect$$libinit$$00000030)
    __rt_lib_init_fp_1                       0x080065ab   Thumb Code     0  libinit2.o(.ARM.Collect$$libinit$$00000002)
    __rt_lib_init_fp_trap_1                  0x080065ab   Thumb Code     0  libinit2.o(.ARM.Collect$$libinit$$0000001F)
    __rt_lib_init_getenv_1                   0x080065ab   Thumb Code     0  libinit2.o(.ARM.Collect$$libinit$$00000023)
    __rt_lib_init_heap_1                     0x080065ab   Thumb Code     0  libinit2.o(.ARM.Collect$$libinit$$0000000A)
    __rt_lib_init_lc_collate_1               0x080065ab   Thumb Code     0  libinit2.o(.ARM.Collect$$libinit$$00000011)
    __rt_lib_init_lc_ctype_1                 0x080065ab   Thumb Code     0  libinit2.o(.ARM.Collect$$libinit$$00000013)
    __rt_lib_init_lc_monetary_1              0x080065ab   Thumb Code     0  libinit2.o(.ARM.Collect$$libinit$$00000015)
    __rt_lib_init_lc_numeric_1               0x080065ab   Thumb Code     0  libinit2.o(.ARM.Collect$$libinit$$00000017)
    __rt_lib_init_lc_time_1                  0x080065ab   Thumb Code     0  libinit2.o(.ARM.Collect$$libinit$$00000019)
    __rt_lib_init_preinit_1                  0x080065ab   Thumb Code     0  libinit2.o(.ARM.Collect$$libinit$$00000004)
    __rt_lib_init_rand_1                     0x080065ab   Thumb Code     0  libinit2.o(.ARM.Collect$$libinit$$0000000E)
    __rt_lib_init_return                     0x080065ab   Thumb Code     0  libinit2.o(.ARM.Collect$$libinit$$00000033)
    __rt_lib_init_signal_1                   0x080065ab   Thumb Code     0  libinit2.o(.ARM.Collect$$libinit$$0000001D)
    __rt_lib_init_stdio_1                    0x080065ab   Thumb Code     0  libinit2.o(.ARM.Collect$$libinit$$00000025)
    __rt_lib_init_user_alloc_1               0x080065ab   Thumb Code     0  libinit2.o(.ARM.Collect$$libinit$$0000000C)
    __rt_lib_shutdown                        0x080065ad   Thumb Code     0  libshutdown.o(.ARM.Collect$$libshutdown$$00000000)
    __rt_lib_shutdown_cpp_1                  0x080065af   Thumb Code     0  libshutdown2.o(.ARM.Collect$$libshutdown$$00000002)
    __rt_lib_shutdown_fp_trap_1              0x080065af   Thumb Code     0  libshutdown2.o(.ARM.Collect$$libshutdown$$00000007)
    __rt_lib_shutdown_heap_1                 0x080065af   Thumb Code     0  libshutdown2.o(.ARM.Collect$$libshutdown$$0000000F)
    __rt_lib_shutdown_return                 0x080065af   Thumb Code     0  libshutdown2.o(.ARM.Collect$$libshutdown$$00000010)
    __rt_lib_shutdown_signal_1               0x080065af   Thumb Code     0  libshutdown2.o(.ARM.Collect$$libshutdown$$0000000A)
    __rt_lib_shutdown_stdio_1                0x080065af   Thumb Code     0  libshutdown2.o(.ARM.Collect$$libshutdown$$00000004)
    __rt_lib_shutdown_user_alloc_1           0x080065af   Thumb Code     0  libshutdown2.o(.ARM.Collect$$libshutdown$$0000000C)
    __rt_entry                               0x080065b1   Thumb Code     0  __rtentry.o(.ARM.Collect$$rtentry$$00000000)
    __rt_entry_presh_1                       0x080065b1   Thumb Code     0  __rtentry2.o(.ARM.Collect$$rtentry$$00000002)
    __rt_entry_sh                            0x080065b1   Thumb Code     0  __rtentry4.o(.ARM.Collect$$rtentry$$00000004)
    __rt_entry_li                            0x080065b7   Thumb Code     0  __rtentry2.o(.ARM.Collect$$rtentry$$0000000A)
    __rt_entry_postsh_1                      0x080065b7   Thumb Code     0  __rtentry2.o(.ARM.Collect$$rtentry$$00000009)
    __rt_entry_main                          0x080065bb   Thumb Code     0  __rtentry2.o(.ARM.Collect$$rtentry$$0000000D)
    __rt_entry_postli_1                      0x080065bb   Thumb Code     0  __rtentry2.o(.ARM.Collect$$rtentry$$0000000C)
    __rt_exit                                0x080065c3   Thumb Code     0  rtexit.o(.ARM.Collect$$rtexit$$00000000)
    __rt_exit_ls                             0x080065c5   Thumb Code     0  rtexit2.o(.ARM.Collect$$rtexit$$00000003)
    __rt_exit_prels_1                        0x080065c5   Thumb Code     0  rtexit2.o(.ARM.Collect$$rtexit$$00000002)
    __rt_exit_exit                           0x080065c9   Thumb Code     0  rtexit2.o(.ARM.Collect$$rtexit$$00000004)
    DisableIRQ                               0x080065d1   Thumb Code     4  sys.o(.emb_text)
    EnableIRQ                                0x080065d5   Thumb Code     4  sys.o(.emb_text)
    WFI_SET                                  0x080065d9   Thumb Code     2  sys.o(.emb_text)
    INTX_DISABLE                             0x080065db   Thumb Code     2  sys.o(.emb_text)
    INTX_ENABLE                              0x080065dd   Thumb Code     2  sys.o(.emb_text)
    Set_MSP                                  0x080065df   Thumb Code     6  sys.o(.emb_text)
    CPU_SR_Restore                           0x080065e5   Thumb Code     6  sys.o(.emb_text)
    CPU_SR_Save                              0x080065eb   Thumb Code     8  sys.o(.emb_text)
    Reset_Handler                            0x080065f5   Thumb Code     8  startup_stm32l1xx_md.o(.text)
    NMI_Handler                              0x080065fd   Thumb Code     2  startup_stm32l1xx_md.o(.text)
    HardFault_Handler                        0x080065ff   Thumb Code     2  startup_stm32l1xx_md.o(.text)
    MemManage_Handler                        0x08006601   Thumb Code     2  startup_stm32l1xx_md.o(.text)
    BusFault_Handler                         0x08006603   Thumb Code     2  startup_stm32l1xx_md.o(.text)
    UsageFault_Handler                       0x08006605   Thumb Code     2  startup_stm32l1xx_md.o(.text)
    SVC_Handler                              0x08006607   Thumb Code     2  startup_stm32l1xx_md.o(.text)
    DebugMon_Handler                         0x08006609   Thumb Code     2  startup_stm32l1xx_md.o(.text)
    PendSV_Handler                           0x0800660b   Thumb Code     2  startup_stm32l1xx_md.o(.text)
    ADC1_IRQHandler                          0x0800660f   Thumb Code     0  startup_stm32l1xx_md.o(.text)
    COMP_IRQHandler                          0x0800660f   Thumb Code     0  startup_stm32l1xx_md.o(.text)
    DAC_IRQHandler                           0x0800660f   Thumb Code     0  startup_stm32l1xx_md.o(.text)
    DMA1_Channel1_IRQHandler                 0x0800660f   Thumb Code     0  startup_stm32l1xx_md.o(.text)
    DMA1_Channel2_IRQHandler                 0x0800660f   Thumb Code     0  startup_stm32l1xx_md.o(.text)
    DMA1_Channel3_IRQHandler                 0x0800660f   Thumb Code     0  startup_stm32l1xx_md.o(.text)
    DMA1_Channel4_IRQHandler                 0x0800660f   Thumb Code     0  startup_stm32l1xx_md.o(.text)
    DMA1_Channel5_IRQHandler                 0x0800660f   Thumb Code     0  startup_stm32l1xx_md.o(.text)
    DMA1_Channel6_IRQHandler                 0x0800660f   Thumb Code     0  startup_stm32l1xx_md.o(.text)
    DMA1_Channel7_IRQHandler                 0x0800660f   Thumb Code     0  startup_stm32l1xx_md.o(.text)
    EXTI1_IRQHandler                         0x0800660f   Thumb Code     0  startup_stm32l1xx_md.o(.text)
    EXTI2_IRQHandler                         0x0800660f   Thumb Code     0  startup_stm32l1xx_md.o(.text)
    EXTI3_IRQHandler                         0x0800660f   Thumb Code     0  startup_stm32l1xx_md.o(.text)
    EXTI4_IRQHandler                         0x0800660f   Thumb Code     0  startup_stm32l1xx_md.o(.text)
    EXTI9_5_IRQHandler                       0x0800660f   Thumb Code     0  startup_stm32l1xx_md.o(.text)
    FLASH_IRQHandler                         0x0800660f   Thumb Code     0  startup_stm32l1xx_md.o(.text)
    I2C1_ER_IRQHandler                       0x0800660f   Thumb Code     0  startup_stm32l1xx_md.o(.text)
    I2C1_EV_IRQHandler                       0x0800660f   Thumb Code     0  startup_stm32l1xx_md.o(.text)
    I2C2_ER_IRQHandler                       0x0800660f   Thumb Code     0  startup_stm32l1xx_md.o(.text)
    I2C2_EV_IRQHandler                       0x0800660f   Thumb Code     0  startup_stm32l1xx_md.o(.text)
    LCD_IRQHandler                           0x0800660f   Thumb Code     0  startup_stm32l1xx_md.o(.text)
    PVD_IRQHandler                           0x0800660f   Thumb Code     0  startup_stm32l1xx_md.o(.text)
    RCC_IRQHandler                           0x0800660f   Thumb Code     0  startup_stm32l1xx_md.o(.text)
    RTC_Alarm_IRQHandler                     0x0800660f   Thumb Code     0  startup_stm32l1xx_md.o(.text)
    RTC_WKUP_IRQHandler                      0x0800660f   Thumb Code     0  startup_stm32l1xx_md.o(.text)
    SPI1_IRQHandler                          0x0800660f   Thumb Code     0  startup_stm32l1xx_md.o(.text)
    SPI2_IRQHandler                          0x0800660f   Thumb Code     0  startup_stm32l1xx_md.o(.text)
    TAMPER_STAMP_IRQHandler                  0x0800660f   Thumb Code     0  startup_stm32l1xx_md.o(.text)
    TIM10_IRQHandler                         0x0800660f   Thumb Code     0  startup_stm32l1xx_md.o(.text)
    TIM11_IRQHandler                         0x0800660f   Thumb Code     0  startup_stm32l1xx_md.o(.text)
    TIM3_IRQHandler                          0x0800660f   Thumb Code     0  startup_stm32l1xx_md.o(.text)
    TIM4_IRQHandler                          0x0800660f   Thumb Code     0  startup_stm32l1xx_md.o(.text)
    TIM6_IRQHandler                          0x0800660f   Thumb Code     0  startup_stm32l1xx_md.o(.text)
    TIM7_IRQHandler                          0x0800660f   Thumb Code     0  startup_stm32l1xx_md.o(.text)
    TIM9_IRQHandler                          0x0800660f   Thumb Code     0  startup_stm32l1xx_md.o(.text)
    USART2_IRQHandler                        0x0800660f   Thumb Code     0  startup_stm32l1xx_md.o(.text)
    USART3_IRQHandler                        0x0800660f   Thumb Code     0  startup_stm32l1xx_md.o(.text)
    USB_FS_WKUP_IRQHandler                   0x0800660f   Thumb Code     0  startup_stm32l1xx_md.o(.text)
    USB_HP_IRQHandler                        0x0800660f   Thumb Code     0  startup_stm32l1xx_md.o(.text)
    USB_LP_IRQHandler                        0x0800660f   Thumb Code     0  startup_stm32l1xx_md.o(.text)
    WWDG_IRQHandler                          0x0800660f   Thumb Code     0  startup_stm32l1xx_md.o(.text)
    __user_initial_stackheap                 0x08006611   Thumb Code     0  startup_stm32l1xx_md.o(.text)
    SystemInit                               0x0800684b   Thumb Code    88  system_stm32l1xx.o(.text)
    Get_SysClk_FrqAndSrc                     0x080068a3   Thumb Code   214  system_stm32l1xx.o(.text)
    DeviceResetCheck_Init                    0x080069a5   Thumb Code     2  devicereset.o(.text)
    DATA_EEPROM_Unlock                       0x080069a9   Thumb Code    24  flash.o(.text)
    Flash_Unlock                             0x080069c1   Thumb Code    30  flash.o(.text)
    Flash_lock                               0x080069df   Thumb Code    14  flash.o(.text)
    FLASH_ErasePage                          0x08006a43   Thumb Code    86  flash.o(.text)
    Flash_Write                              0x08006a99   Thumb Code    58  flash.o(.text)
    GPIOx_Cfg                                0x08006ae9   Thumb Code   144  gpio.o(.text)
    GPIOx_AF                                 0x08006b79   Thumb Code    92  gpio.o(.text)
    GPIOx_Set                                0x08006bd5   Thumb Code    20  gpio.o(.text)
    GPIOx_Rst                                0x08006be9   Thumb Code    14  gpio.o(.text)
    GPIOx_Rvrs                               0x08006bf7   Thumb Code    14  gpio.o(.text)
    GPIOx_Get                                0x08006c05   Thumb Code    14  gpio.o(.text)
    I2C_Init                                 0x08006c37   Thumb Code    22  i2c.o(.text)
    IIC_GetState                             0x08006e5d   Thumb Code    40  i2c.o(.text)
    IIC_Read                                 0x08006e85   Thumb Code   102  i2c.o(.text)
    IIC_Write                                0x08006eeb   Thumb Code    80  i2c.o(.text)
    IIC_WriteSame                            0x08006f3b   Thumb Code    78  i2c.o(.text)
    Instruct_Init                            0x08006f89   Thumb Code     2  instruct.o(.text)
    Instruct                                 0x08006f8b   Thumb Code     2  instruct.o(.text)
    Instruct_Run                             0x08006f8d   Thumb Code     2  instruct.o(.text)
    Program_Erase                            0x08006f91   Thumb Code    62  program.o(.text)
    Program_Write                            0x08006fcf   Thumb Code    48  program.o(.text)
    Program_Read                             0x08006fff   Thumb Code    22  program.o(.text)
    Program_WriteEx                          0x08007015   Thumb Code   232  program.o(.text)
    FlashEncryptionInit                      0x080070fd   Thumb Code   110  program.o(.text)
    Get_UniqueDeviceID                       0x0800716b   Thumb Code    20  program.o(.text)
    Flash_DefaultValue                       0x0800717f   Thumb Code     4  program.o(.text)
    Flash_PageSize                           0x08007183   Thumb Code     6  program.o(.text)
    Flash_ChipSize                           0x08007189   Thumb Code     8  program.o(.text)
    SetRecTestStatus                         0x080071b1   Thumb Code    14  si4432.o(.text)
    GetRSSIPara                              0x080071bf   Thumb Code     4  si4432.o(.text)
    GetThresholdPara                         0x080071c3   Thumb Code     6  si4432.o(.text)
    Si4432_Idle                              0x080072bb   Thumb Code    70  si4432.o(.text)
    Si4432_Init                              0x08007437   Thumb Code   734  si4432.o(.text)
    EXTI15_10_IRQHandler                     0x080079e1   Thumb Code    22  si4432.o(.text)
    Si4432_Send                              0x08007acd   Thumb Code    72  si4432.o(.text)
    SPI2_Port_Init                           0x08007b2d   Thumb Code    28  spi.o(.text)
    SPI2_ReadWriteByte                       0x08007b49   Thumb Code    86  spi.o(.text)
    SPI2_Init                                0x08007b9f   Thumb Code   142  spi.o(.text)
    SPI2_SetSpeed                            0x08007c2d   Thumb Code    42  spi.o(.text)
    MY_NVIC_SetVectorTable                   0x08007c61   Thumb Code    12  sys.o(.text)
    MY_NVIC_PriorityGroupConfig              0x08007c6d   Thumb Code    36  sys.o(.text)
    MY_NVIC_Init                             0x08007c91   Thumb Code    68  sys.o(.text)
    Ex_NVIC_Config                           0x08007cd5   Thumb Code   144  sys.o(.text)
    MYRCC_DeInit                             0x08007d65   Thumb Code   112  sys.o(.text)
    Sys_Standby                              0x08007dd5   Thumb Code    72  sys.o(.text)
    Sys_Soft_Reset                           0x08007e1d   Thumb Code    12  sys.o(.text)
    JTAG_Set                                 0x08007e29   Thumb Code    18  sys.o(.text)
    Stm32_Clock_Init                         0x08007e3b   Thumb Code   154  sys.o(.text)
    JumpToCode                               0x08007ed5   Thumb Code    30  sys.o(.text)
    SysHard_Init                             0x08007f25   Thumb Code    24  syshard.o(.text)
    HardID_Check                             0x08007f3d   Thumb Code   122  syshard.o(.text)
    HardID_Change                            0x08007fb7   Thumb Code    96  syshard.o(.text)
    SysTick_Init                             0x0800802d   Thumb Code    66  systick.o(.text)
    Time_Get                                 0x0800806f   Thumb Code     6  systick.o(.text)
    UpdateRandomTime                         0x08008075   Thumb Code    10  systick.o(.text)
    GetRandomTime                            0x0800807f   Thumb Code     6  systick.o(.text)
    SysTick_Handler                          0x08008085   Thumb Code    34  systick.o(.text)
    Test_Init                                0x080080b5   Thumb Code    28  test.o(.text)
    UART_Init                                0x080080d5   Thumb Code   150  usart.o(.text)
    UART_Write                               0x0800816b   Thumb Code    50  usart.o(.text)
    UART_Send                                0x0800819d   Thumb Code    44  usart.o(.text)
    USART1_IRQHandler                        0x080081c9   Thumb Code    30  usart.o(.text)
    WDG_Init                                 0x080081f9   Thumb Code     2  wdg.o(.text)
    WDG_Feed                                 0x080081fb   Thumb Code     2  wdg.o(.text)
    WDG_FeedOFF                              0x080081fd   Thumb Code     2  wdg.o(.text)
    HardWDGTest_Attr                         0x080081ff   Thumb Code     6  wdg.o(.text)
    ADC_TestPowerON                          0x0800823f   Thumb Code    14  adc.o(.text)
    ADC_TestPowerOFF                         0x0800824d   Thumb Code    14  adc.o(.text)
    ADC_Init                                 0x0800825b   Thumb Code   208  adc.o(.text)
    ADC_Read                                 0x0800832b   Thumb Code    64  adc.o(.text)
    ADC_ReadAverage                          0x0800836b   Thumb Code   112  adc.o(.text)
    Battery_GetVoltage                       0x080083ed   Thumb Code    60  battery.o(.text)
    Battery_GetPercent                       0x08008429   Thumb Code   650  battery.o(.text)
    Battery_Show_State                       0x080086c1   Thumb Code   140  batteryexeattr.o(.text)
    Battery_Show                             0x0800874d   Thumb Code    14  batteryexeattr.o(.text)
    Battery_Init                             0x0800875b   Thumb Code    14  batteryexeattr.o(.text)
    Get_PowerPercent_Attr                    0x08008769   Thumb Code    34  batteryexeattr.o(.text)
    Get_ChargeState_Attr                     0x0800878b   Thumb Code     6  batteryexeattr.o(.text)
    WKUP_PortInit                            0x080087a5   Thumb Code    14  lowpower.o(.text)
    StandbyCountReset                        0x080087b3   Thumb Code     8  lowpower.o(.text)
    WKUP_GetState                            0x080087bb   Thumb Code    20  lowpower.o(.text)
    Standby_Mode                             0x080087cf   Thumb Code   156  lowpower.o(.text)
    LowPower_CheckTime                       0x0800886b   Thumb Code    82  lowpower.o(.text)
    EXTI0_IRQHandler                         0x080088bd   Thumb Code     8  lowpower.o(.text)
    ComplexTimeNumImportFilter               0x08008965   Thumb Code   164  importfilter.o(.text)
    main                                     0x08008a09   Thumb Code    64  main.o(.text)
    UnitCnt_Get                              0x08008a59   Thumb Code     4  unitcfg.o(.text)
    Unit_Init                                0x08008a5d   Thumb Code    52  unitcfg.o(.text)
    IIC_InitPort                             0x08008a99   Thumb Code    48  iic.o(.text)
    IIC_Start                                0x08008ac9   Thumb Code    46  iic.o(.text)
    IIC_Stop                                 0x08008af7   Thumb Code    40  iic.o(.text)
    IIC_WaitAck                              0x08008b1f   Thumb Code   148  iic.o(.text)
    IIC_ACK                                  0x08008bb3   Thumb Code    52  iic.o(.text)
    IIC_NACK                                 0x08008be7   Thumb Code    46  iic.o(.text)
    IIC_SendByte                             0x08008c15   Thumb Code    78  iic.o(.text)
    IIC_GetByte                              0x08008c63   Thumb Code   102  iic.o(.text)
    IIC_WriteByte                            0x08008cc9   Thumb Code    46  iic.o(.text)
    IIC_ReadByte                             0x08008cf7   Thumb Code    60  iic.o(.text)
    IIC_WriteDataN                           0x08008d33   Thumb Code    68  iic.o(.text)
    IIC_ReadDataN                            0x08008d77   Thumb Code    96  iic.o(.text)
    OLED_ClearScreen                         0x08008ddd   Thumb Code    64  oled.o(.text)
    Init_OLED                                0x08008e1d   Thumb Code   296  oled.o(.text)
    OLED_DisplayOn                           0x08008f45   Thumb Code    12  oled.o(.text)
    OLED_DisplayOff                          0x08008f51   Thumb Code    12  oled.o(.text)
    OLED_SetCursor                           0x08008f5d   Thumb Code    50  oled.o(.text)
    OLED_SetCursor_Normal                    0x08008f8f   Thumb Code    46  oled.o(.text)
    OLED_ShowPicture                         0x08008fbd   Thumb Code    68  oled.o(.text)
    OLED_ShowPicAt                           0x08009001   Thumb Code    78  oled.o(.text)
    OLED_ShowHalfPicAt                       0x0800904f   Thumb Code    82  oled.o(.text)
    OLED_ShowQuartPicAt                      0x080090a1   Thumb Code    94  oled.o(.text)
    OLED_Show32x323PicAt                     0x080090ff   Thumb Code    94  oled.o(.text)
    OLED_ShowChar                            0x0800915d   Thumb Code    96  oled.o(.text)
    OLED_ShowCN                              0x080091bd   Thumb Code   148  oled.o(.text)
    OLED_ShowString                          0x08009251   Thumb Code    68  oled.o(.text)
    OLED_DrawLine                            0x08009295   Thumb Code    34  oled.o(.text)
    OLED_ShowNum18x32                        0x080092b7   Thumb Code    70  oled.o(.text)
    WTC6106_Init                             0x080092fd   Thumb Code    36  wtc6216.o(.text)
    WTC6106_ReadKey                          0x08009321   Thumb Code    34  wtc6216.o(.text)
    IWDG_Init                                0x0800934d   Thumb Code    28  iwdg.o(.text)
    IWDG_Feed                                0x08009369   Thumb Code    10  iwdg.o(.text)
    LED_Init                                 0x08009379   Thumb Code    28  showled.o(.text)
    ShowLED_OpenAll                          0x08009395   Thumb Code    58  showled.o(.text)
    ShowLED_CloseAll                         0x080093cf   Thumb Code    58  showled.o(.text)
    ShowLED_CheckDevice                      0x08009409   Thumb Code    38  showled.o(.text)
    ShowLED_LightON                          0x0800942f   Thumb Code    90  showled.o(.text)
    ShowLED_LightOFF                         0x08009489   Thumb Code    92  showled.o(.text)
    ShowLED_CycleLED                         0x080094e5   Thumb Code     2  showled.o(.text)
    ShowLED_ReverLED                         0x080094e7   Thumb Code    52  showled.o(.text)
    ShowLED_FlashLED                         0x0800951b   Thumb Code    34  showled.o(.text)
    InitQueue                                0x08009549   Thumb Code    34  queue.o(.text)
    Enqueue                                  0x0800959b   Thumb Code   112  queue.o(.text)
    Dequeue                                  0x0800960b   Thumb Code    56  queue.o(.text)
    TIMx_Init                                0x08009645   Thumb Code    78  timx.o(.text)
    TIM2_IRQHandler                          0x08009693   Thumb Code    36  timx.o(.text)
    Key_Init                                 0x080096f5   Thumb Code    18  key.o(.text)
    KeyTimer_Init                            0x08009707   Thumb Code    40  key.o(.text)
    Key_Scan                                 0x080097f9   Thumb Code   204  key.o(.text)
    KeyStateScan                             0x080098c5   Thumb Code    78  key.o(.text)
    Key_Handle                               0x08009a53   Thumb Code   478  key.o(.text)
    Key_FirstScan                            0x08009c31   Thumb Code    62  key.o(.text)
    Save_CurrentKeyState                     0x08009c6f   Thumb Code    18  key.o(.text)
    Get_CurrentKeyState                      0x08009c81   Thumb Code    18  key.o(.text)
    Key_UnitAttrNum                          0x08009ca9   Thumb Code     4  keyexeattr.o(.text)
    KeyInit                                  0x08009cad   Thumb Code   422  keyexeattr.o(.text)
    KeyLowPowerHandle                        0x08009e53   Thumb Code    42  keyexeattr.o(.text)
    KeyEepromInit                            0x08009e7d   Thumb Code    72  keyexeattr.o(.text)
    Get_TouchKey_Attr                        0x08009ec5   Thumb Code    20  keyexeattr.o(.text)
    Set_TouchKey_Attr                        0x08009ed9   Thumb Code    28  keyexeattr.o(.text)
    Get_TouchKeyStatus_Attr                  0x08009ef5   Thumb Code    24  keyexeattr.o(.text)
    Set_Password_Attr                        0x08009f0d   Thumb Code    44  keyexeattr.o(.text)
    Get_Password_Attr                        0x08009f39   Thumb Code    42  keyexeattr.o(.text)
    KeyChecking_Attr                         0x08009f63   Thumb Code    16  keyexeattr.o(.text)
    Process_FIFOData                         0x08009fb5   Thumb Code   102  cmdprocess.o(.text)
    Msg_Execute                              0x0800a089   Thumb Code   240  cmdprocess.o(.text)
    FIFOInit                                 0x0800a1f5   Thumb Code   172  cmdprocess.o(.text)
    ProcessSend_Fun                          0x0800a2a1   Thumb Code     8  cmdprocess.o(.text)
    head_put                                 0x0800a301   Thumb Code    16  command.o(.text)
    tail_put                                 0x0800a311   Thumb Code    16  command.o(.text)
    short_get                                0x0800a321   Thumb Code   226  command.o(.text)
    short_put                                0x0800a403   Thumb Code   140  command.o(.text)
    EncryptCmd_get                           0x0800a48f   Thumb Code   200  command.o(.text)
    EncryptCmd_getEx                         0x0800a557   Thumb Code    48  command.o(.text)
    EncryptCmd_put                           0x0800a587   Thumb Code   158  command.o(.text)
    delay_us                                 0x0800a62d   Thumb Code    24  delay.o(.text)
    delay_ms                                 0x0800a645   Thumb Code    28  delay.o(.text)
    ReadDataFromEEPROM                       0x0800a661   Thumb Code   120  eeprom.o(.text)
    WriteDataToEEPROM                        0x0800a6d9   Thumb Code   120  eeprom.o(.text)
    WriteDataToEEPROMEx                      0x0800a751   Thumb Code   118  eeprom.o(.text)
    Fault_Upload                             0x0800a7c9   Thumb Code    74  faultmanage.o(.text)
    fifo_Init                                0x0800a819   Thumb Code    26  fifo.o(.text)
    fifo_Rst                                 0x0800a833   Thumb Code    18  fifo.o(.text)
    fifo_empty                               0x0800a845   Thumb Code    18  fifo.o(.text)
    fifo_validSize                           0x0800a897   Thumb Code    30  fifo.o(.text)
    fifo_puts                                0x0800a8b5   Thumb Code   106  fifo.o(.text)
    fifo_gets                                0x0800a91f   Thumb Code   124  fifo.o(.text)
    fifo_putc                                0x0800a99b   Thumb Code    60  fifo.o(.text)
    fifo_getc                                0x0800a9d7   Thumb Code    62  fifo.o(.text)
    fifo_find                                0x0800aa15   Thumb Code    92  fifo.o(.text)
    fifo_cmp                                 0x0800aa71   Thumb Code    62  fifo.o(.text)
    PropFifoInit                             0x0800aab1   Thumb Code    14  linkscanfifo.o(.text)
    PropChangeScanAndExe                     0x0800aabf   Thumb Code    46  linkscanfifo.o(.text)
    PropEventFifo                            0x0800aaed   Thumb Code    86  linkscanfifo.o(.text)
    SaveSerialNum                            0x0800ab51   Thumb Code    12  msgpackage.o(.text)
    Msg_Feedback                             0x0800ab5d   Thumb Code   114  msgpackage.o(.text)
    Msg_UploadUnit                           0x0800ac19   Thumb Code    62  msgpackage.o(.text)
    Msg_Upload                               0x0800ac57   Thumb Code    58  msgpackage.o(.text)
    Msg_Send                                 0x0800ac91   Thumb Code    68  msgpackage.o(.text)
    Sys_UnitAttrNum                          0x0800ace1   Thumb Code     4  sysexeattr.o(.text)
    Upload_RESTART                           0x0800ace5   Thumb Code    10  sysexeattr.o(.text)
    SysAttr_Init                             0x0800acef   Thumb Code    58  sysexeattr.o(.text)
    Get_Version_Attr                         0x0800ad29   Thumb Code   140  sysexeattr.o(.text)
    Get_DeviceType_Attr                      0x0800adb5   Thumb Code    84  sysexeattr.o(.text)
    Set_UserID_Attr                          0x0800ae09   Thumb Code    44  sysexeattr.o(.text)
    Get_UserID_Attr                          0x0800ae35   Thumb Code    18  sysexeattr.o(.text)
    Set_DeviceChannelFlag_Attr               0x0800ae47   Thumb Code    30  sysexeattr.o(.text)
    Get_DeviceChannelFlag_Attr               0x0800ae65   Thumb Code    22  sysexeattr.o(.text)
    Get_DeviceAddr_Attr                      0x0800ae7b   Thumb Code    18  sysexeattr.o(.text)
    Set_CmdAckNum_Attr                       0x0800ae8d   Thumb Code    44  sysexeattr.o(.text)
    Get_CmdAckNum_Attr                       0x0800aeb9   Thumb Code    16  sysexeattr.o(.text)
    Set_RepeatBandAddr_Attr                  0x0800aec9   Thumb Code   138  sysexeattr.o(.text)
    Get_RepeatBandAddr_Attr                  0x0800af53   Thumb Code   138  sysexeattr.o(.text)
    Set_RepeatBroadcast_Attr                 0x0800afdd   Thumb Code    38  sysexeattr.o(.text)
    Get_RepeatBroadcast_Attr                 0x0800b003   Thumb Code    24  sysexeattr.o(.text)
    Set_UnitArea_Attr                        0x0800b01b   Thumb Code   126  sysexeattr.o(.text)
    Get_UnitArea_Attr                        0x0800b099   Thumb Code   122  sysexeattr.o(.text)
    Set_UnitType_Attr                        0x0800b113   Thumb Code   134  sysexeattr.o(.text)
    Get_UnitType_Attr                        0x0800b199   Thumb Code   112  sysexeattr.o(.text)
    Set_CommonType_Attr                      0x0800b209   Thumb Code   134  sysexeattr.o(.text)
    Get_CommonType_Attr                      0x0800b28f   Thumb Code   112  sysexeattr.o(.text)
    Set_UploadAble_Attr                      0x0800b2ff   Thumb Code   164  sysexeattr.o(.text)
    Get_UploadAble_Attr                      0x0800b3a3   Thumb Code   144  sysexeattr.o(.text)
    Set_UnitAble_Attr                        0x0800b433   Thumb Code   134  sysexeattr.o(.text)
    Get_UnitAble_Attr                        0x0800b4b9   Thumb Code   118  sysexeattr.o(.text)
    Get_Eeprom_Info_Attr                     0x0800b52f   Thumb Code    82  sysexeattr.o(.text)
    Set_FaultFlag_Attr                       0x0800b581   Thumb Code    36  sysexeattr.o(.text)
    Get_FaultFlag_Attr                       0x0800b5a5   Thumb Code    20  sysexeattr.o(.text)
    Set_UserDataFormat_Attr                  0x0800b5b9   Thumb Code    94  sysexeattr.o(.text)
    Set_Link_Attr                            0x0800b617   Thumb Code    98  sysexeattr.o(.text)
    Get_Link_Attr                            0x0800b679   Thumb Code    68  sysexeattr.o(.text)
    Set_Link_Time_Attr                       0x0800b6bd   Thumb Code    98  sysexeattr.o(.text)
    Set_DelLinkForUnit_Attr                  0x0800b71f   Thumb Code    40  sysexeattr.o(.text)
    Get_DeveiceSysClockFeature_Attr          0x0800b747   Thumb Code    50  sysexeattr.o(.text)
    Thread_Init                              0x0800b77d   Thumb Code     8  thread.o(.text)
    Thread_Wake                              0x0800b7ad   Thumb Code   132  thread.o(.text)
    Thread_Login                             0x0800b831   Thumb Code   228  thread.o(.text)
    Thread_Logout                            0x0800b915   Thumb Code    94  thread.o(.text)
    Thread_Hang                              0x0800b973   Thumb Code   108  thread.o(.text)
    Thread_Process                           0x0800b9df   Thumb Code   106  thread.o(.text)
    Thread_RunCheck                          0x0800ba49   Thumb Code    44  thread.o(.text)
    Thread_Query                             0x0800ba75   Thumb Code    48  thread.o(.text)
    UpgradePreStage                          0x0800bb03   Thumb Code   184  updata.o(.text)
    Updata_PackProcess                       0x0800bbbb   Thumb Code   118  updata.o(.text)
    Updata_PackCheck                         0x0800bc31   Thumb Code    78  updata.o(.text)
    Updata_Calibrate                         0x0800bc7f   Thumb Code    32  updata.o(.text)
    Updata_Flag                              0x0800bc9f   Thumb Code    84  updata.o(.text)
    Updata_Channel                           0x0800bcf3   Thumb Code   114  updata.o(.text)
    Channel_Get                              0x0800bd65   Thumb Code    60  updata.o(.text)
    Upload_Fault                             0x0800bdd1   Thumb Code    34  upload.o(.text)
    Upload_Check                             0x0800be69   Thumb Code   170  upload.o(.text)
    Upload                                   0x0800bf13   Thumb Code   152  upload.o(.text)
    Upload_Immediately                       0x0800bfab   Thumb Code    80  upload.o(.text)
    SceneEEPROM_Init                         0x0800c00d   Thumb Code    44  userdata.o(.text)
    GroupEEPROMUnit_Init                     0x0800c039   Thumb Code    54  userdata.o(.text)
    GroupEEPROM_Init                         0x0800c06f   Thumb Code    26  userdata.o(.text)
    UnitPrivateEEPROMUnitData_Init           0x0800c089   Thumb Code    36  userdata.o(.text)
    UnitPrivateEEPROMData_Init               0x0800c0ad   Thumb Code    26  userdata.o(.text)
    UnitPublicEEPROMUnitData_Init            0x0800c0c7   Thumb Code   102  userdata.o(.text)
    UnitPublicEEPROMData_Init                0x0800c12d   Thumb Code    26  userdata.o(.text)
    SysEEPROMData_Init                       0x0800c147   Thumb Code    58  userdata.o(.text)
    UserEEPROMData_Init                      0x0800c181   Thumb Code    54  userdata.o(.text)
    FaultData_Init                           0x0800c1b7   Thumb Code    14  userdata.o(.text)
    UserData_Init                            0x0800c1c5   Thumb Code    92  userdata.o(.text)
    FaultData_Save                           0x0800c221   Thumb Code    32  userdata.o(.text)
    FaultData_Get                            0x0800c241   Thumb Code    22  userdata.o(.text)
    SysEEPROMData_Set                        0x0800c257   Thumb Code    24  userdata.o(.text)
    UnitPublicEEPROMData_Get                 0x0800c26f   Thumb Code    40  userdata.o(.text)
    UnitPublicEEPROMData_Set                 0x0800c297   Thumb Code    48  userdata.o(.text)
    SetDeviceChannelFlag                     0x0800c2c7   Thumb Code   116  userdata.o(.text)
    GetDeviceChannelFlag                     0x0800c33b   Thumb Code    82  userdata.o(.text)
    GroupEEPROM_Clr                          0x0800c38d   Thumb Code   410  userdata.o(.text)
    GroupEEPROM_Set                          0x0800c527   Thumb Code   294  userdata.o(.text)
    GroupEEPROM_Get                          0x0800c64d   Thumb Code   158  userdata.o(.text)
    SceneData_Init                           0x0800c6eb   Thumb Code    38  userdata.o(.text)
    SceneEEPROMUnit_Init                     0x0800c711   Thumb Code   154  userdata.o(.text)
    SceneEEPROM_Clr                          0x0800c8f5   Thumb Code   212  userdata.o(.text)
    SceneEEPROM_Set                          0x0800ca87   Thumb Code   250  userdata.o(.text)
    SceneEEPROM_Get                          0x0800cb97   Thumb Code    66  userdata.o(.text)
    EEPROM_Write                             0x0800cbd9   Thumb Code    46  userdata.o(.text)
    EEPROM_Read                              0x0800cc07   Thumb Code    46  userdata.o(.text)
    Set_Sign433_StartSendFrame_Attr          0x0800cc39   Thumb Code    70  sign433attr.o(.text)
    Get_Sign433_MasterAddr                   0x0800cc7f   Thumb Code     6  sign433attr.o(.text)
    Get_Sign433_TestPackNum                  0x0800cc85   Thumb Code     6  sign433attr.o(.text)
    Get_Sign433_StartSendFrame_Attr          0x0800cc8b   Thumb Code    46  sign433attr.o(.text)
    Set_Sign433_StartRecFrame_Attr           0x0800ccb9   Thumb Code   100  sign433attr.o(.text)
    Get_Sign433_StartRecFrame_Attr           0x0800cd1d   Thumb Code    46  sign433attr.o(.text)
    Set_Sign433_RecFrameStream_Attr          0x0800cd4b   Thumb Code    66  sign433attr.o(.text)
    Get_DeviceThreshold_Attr                 0x0800cd8d   Thumb Code    22  sign433attr.o(.text)
    Set_Sign433_TestState_Attr               0x0800cda3   Thumb Code    20  sign433attr.o(.text)
    Get_Sign433_TestState_Attr               0x0800cdb7   Thumb Code    16  sign433attr.o(.text)
    EncryptData                              0x0800d0bf   Thumb Code    80  dataencrypt.o(.text)
    DecryptData                              0x0800d10f   Thumb Code    86  dataencrypt.o(.text)
    EncryptInit                              0x0800d165   Thumb Code    32  dataencrypt.o(.text)
    DevPivotalSetInit                        0x0800d19d   Thumb Code   156  devparttab.o(.text)
    GetDevPivotalSet                         0x0800d239   Thumb Code     6  devparttab.o(.text)
    memcpy                                   0x0800d24d   Thumb Code    28  bestfulib.o(.text)
    memcmp                                   0x0800d269   Thumb Code    40  bestfulib.o(.text)
    memset                                   0x0800d291   Thumb Code    18  bestfulib.o(.text)
    memmove                                  0x0800d2a3   Thumb Code    58  bestfulib.o(.text)
    memfind                                  0x0800d2dd   Thumb Code    64  bestfulib.o(.text)
    memcharget                               0x0800d31d   Thumb Code    48  bestfulib.o(.text)
    ChkCrcValue                              0x0800d34d   Thumb Code    52  crc.o(.text)
    ChkCrcValueEx                            0x0800d381   Thumb Code    56  crc.o(.text)
    Set_IAPReady_Attr                        0x0800d41b   Thumb Code    42  flashattr.o(.text)
    Get_IAPReady_Attr                        0x0800d515   Thumb Code    52  flashattr.o(.text)
    Set_IAPPackSave_Attr                     0x0800d549   Thumb Code    56  flashattr.o(.text)
    Set_433Channel_Attr                      0x0800d581   Thumb Code    70  flashattr.o(.text)
    Get_433Channel_Attr                      0x0800d5c7   Thumb Code    20  flashattr.o(.text)
    LinkInit                                 0x0800d5ed   Thumb Code     8  linksrc.o(.text)
    LinkClr                                  0x0800d5f5   Thumb Code     8  linksrc.o(.text)
    CmpSampAndLinkValue                      0x0800d5fd   Thumb Code   130  linksrc.o(.text)
    GetConditionReverse                      0x0800d67f   Thumb Code    56  linksrc.o(.text)
    GetConditionOffset                       0x0800d6b7   Thumb Code    78  linksrc.o(.text)
    LinkSrcExe                               0x0800d705   Thumb Code   436  linksrc.o(.text)
    CheckLinkFull                            0x0800d8bd   Thumb Code    18  linkwrdc.o(.text)
    QueryLink                                0x0800d8cf   Thumb Code    22  linkwrdc.o(.text)
    QueryAllLinkFromTable                    0x0800d8e5   Thumb Code    64  linkwrdc.o(.text)
    ReadLinkFromTable                        0x0800d925   Thumb Code    34  linkwrdc.o(.text)
    WriteLinkToTable                         0x0800d947   Thumb Code    62  linkwrdc.o(.text)
    DelAllLinkFromTable                      0x0800d985   Thumb Code    46  linkwrdc.o(.text)
    DelLinkFromTable                         0x0800d9b3   Thumb Code    30  linkwrdc.o(.text)
    ChkLinkIsExist                           0x0800d9d1   Thumb Code    26  linkwrdc.o(.text)
    GetLinkNum                               0x0800d9eb   Thumb Code    22  linkwrdc.o(.text)
    WriteLinkItem                            0x0800da01   Thumb Code   118  linkwrdc.o(.text)
    ModifyLinkItem                           0x0800da77   Thumb Code    76  linkwrdc.o(.text)
    ReadLinkItem                             0x0800dac3   Thumb Code   108  linkwrdc.o(.text)
    QueryLinkItem                            0x0800db2f   Thumb Code    56  linkwrdc.o(.text)
    DelLinkItem                              0x0800db67   Thumb Code    68  linkwrdc.o(.text)
    WriteLinkItemEx                          0x0800dbab   Thumb Code   180  linkwrdc.o(.text)
    ModifyLinkItemEx                         0x0800dc5f   Thumb Code   138  linkwrdc.o(.text)
    DelLinkForUnit                           0x0800dce9   Thumb Code   140  linkwrdc.o(.text)
    DelLinkForPropIDandVal                   0x0800dd75   Thumb Code    84  linkwrdc.o(.text)
    Check_Area                               0x0800ddcd   Thumb Code   112  object.o(.text)
    Object_Check                             0x0800def7   Thumb Code  1206  object.o(.text)
    ShortObject_Check                        0x0800e3d7   Thumb Code    68  object.o(.text)
    Set_Scene_Attr                           0x0800e425   Thumb Code   260  scene&group.o(.text)
    Get_Scene_Attr                           0x0800e529   Thumb Code   110  scene&group.o(.text)
    Set_Group_Attr                           0x0800e597   Thumb Code   240  scene&group.o(.text)
    Get_Group_Attr                           0x0800e687   Thumb Code    94  scene&group.o(.text)
    SI4432Test_Fail                          0x0800e6e5   Thumb Code    16  systestattr.o(.text)
    SI4432Test_Attr                          0x0800e6f5   Thumb Code    68  systestattr.o(.text)
    Set_ManyUnit_Attr                        0x0800e749   Thumb Code   102  unitshare_attr.o(.text)
    Get_ManyUnit_Attr                        0x0800e7af   Thumb Code   322  unitshare_attr.o(.text)
    Set_UnitChecking_Attr                    0x0800e8f1   Thumb Code   126  unitshare_attr.o(.text)
    Get_SingleUnit_AttrLen                   0x0800e96f   Thumb Code   110  unitshare_attr.o(.text)
    UserDataDownload_Init                    0x0800e9e5   Thumb Code    20  userdatadownload.o(.text)
    UserDataDownload_Ready                   0x0800e9f9   Thumb Code   184  userdatadownload.o(.text)
    UserDataFrame_Save                       0x0800eab1   Thumb Code   134  userdatadownload.o(.text)
    UserDataFrame_Check                      0x0800eb37   Thumb Code    78  userdatadownload.o(.text)
    Sign433_SendTestFrame                    0x0800eb95   Thumb Code    82  sign433.o(.text)
    Sign433_SendTestFrameStream              0x0800ebe7   Thumb Code    28  sign433.o(.text)
    ClearRecTestStatus                       0x0800ec03   Thumb Code    10  sign433.o(.text)
    Sign433_SendTestReport                   0x0800ec0d   Thumb Code    54  sign433.o(.text)
    Get_ResetAddr_Attr                       0x0800ec4d   Thumb Code   100  deviceidsetattr.o(.text)
    Set_ResetAddr_Attr                       0x0800ecb1   Thumb Code   236  deviceidsetattr.o(.text)
    ALinkClr                                 0x0800edb5   Thumb Code    62  linksimplest.o(.text)
    ALinkInit                                0x0800edf3   Thumb Code    62  linksimplest.o(.text)
    ChkALinkIsExist                          0x0800ee31   Thumb Code    90  linksimplest.o(.text)
    GetALinkNum                              0x0800ee8b   Thumb Code    80  linksimplest.o(.text)
    QueryALink                               0x0800eedb   Thumb Code    50  linksimplest.o(.text)
    CheckALinkFull                           0x0800ef0d   Thumb Code    18  linksimplest.o(.text)
    ReadALink                                0x0800ef1f   Thumb Code    50  linksimplest.o(.text)
    WriteALink                               0x0800ef51   Thumb Code   148  linksimplest.o(.text)
    DelALink                                 0x0800efe5   Thumb Code   234  linksimplest.o(.text)
    AllALinkTimeClr                          0x0800f0d9   Thumb Code    42  linksimplesttime.o(.text)
    ALinkTimeInit                            0x0800f103   Thumb Code    42  linksimplesttime.o(.text)
    QueryALinkTime                           0x0800f12d   Thumb Code    50  linksimplesttime.o(.text)
    DelALinkTime                             0x0800f15f   Thumb Code   234  linksimplesttime.o(.text)
    WriteALinkTime                           0x0800f249   Thumb Code   134  linksimplesttime.o(.text)
    ReadALinkTime                            0x0800f2cf   Thumb Code    34  linksimplesttime.o(.text)
    AddALinkTimeCmdX1                        0x0800f2f1   Thumb Code    74  linksimplesttime.o(.text)
    WriteALinkTimeToTable                    0x0800f33b   Thumb Code    42  linksimplesttime.o(.text)
    DelALinkTimeFromTable                    0x0800f365   Thumb Code    12  linksimplesttime.o(.text)
    TransformTimePara                        0x0800f379   Thumb Code   198  timehandle.o(.text)
    CheckTimeParaIsZero                      0x0800f4c1   Thumb Code    18  timehandle.o(.text)
    CheckAllTimeParaIsOK                     0x0800f511   Thumb Code    40  timehandle.o(.text)
    __aeabi_memclr4                          0x0800f539   Thumb Code     0  rt_memclr_w.o(.text)
    __aeabi_memclr8                          0x0800f539   Thumb Code     0  rt_memclr_w.o(.text)
    __rt_memclr_w                            0x0800f539   Thumb Code    78  rt_memclr_w.o(.text)
    _memset_w                                0x0800f53d   Thumb Code     0  rt_memclr_w.o(.text)
    __use_two_region_memory                  0x0800f587   Thumb Code     2  heapauxi.o(.text)
    __rt_heap_escrow$2region                 0x0800f589   Thumb Code     2  heapauxi.o(.text)
    __rt_heap_expand$2region                 0x0800f58b   Thumb Code     2  heapauxi.o(.text)
    __user_setup_stackheap                   0x0800f58d   Thumb Code    74  sys_stackheap_outer.o(.text)
    exit                                     0x0800f5d7   Thumb Code    18  exit.o(.text)
    __user_libspace                          0x0800f5e9   Thumb Code     8  libspace.o(.text)
    __user_perproc_libspace                  0x0800f5e9   Thumb Code     0  libspace.o(.text)
    __user_perthread_libspace                0x0800f5e9   Thumb Code     0  libspace.o(.text)
    _sys_exit                                0x0800f5f1   Thumb Code     8  sys_exit.o(.text)
    __I$use$semihosting                      0x0800f5fd   Thumb Code     0  use_no_semi.o(.text)
    __use_no_semihosting_swi                 0x0800f5fd   Thumb Code     2  use_no_semi.o(.text)
    __semihosting_library_function           0x0800f5ff   Thumb Code     0  indicate_semi.o(.text)
    DecryptionFlash                          0x0800f601   Thumb Code    50  scene&group.o(i.DecryptionFlash)
    __aeabi_dadd                             0x0800f641   Thumb Code     0  daddsub_clz.o(x$fpl$dadd)
    _dadd                                    0x0800f641   Thumb Code   332  daddsub_clz.o(x$fpl$dadd)
    __aeabi_d2uiz                            0x0800f791   Thumb Code     0  dfixu.o(x$fpl$dfixu)
    _dfixu                                   0x0800f791   Thumb Code    90  dfixu.o(x$fpl$dfixu)
    __aeabi_i2d                              0x0800f7eb   Thumb Code     0  dflt_clz.o(x$fpl$dflt)
    _dflt                                    0x0800f7eb   Thumb Code    46  dflt_clz.o(x$fpl$dflt)
    __aeabi_ui2d                             0x0800f819   Thumb Code     0  dflt_clz.o(x$fpl$dfltu)
    _dfltu                                   0x0800f819   Thumb Code    38  dflt_clz.o(x$fpl$dfltu)
    __aeabi_dmul                             0x0800f841   Thumb Code     0  dmul.o(x$fpl$dmul)
    _dmul                                    0x0800f841   Thumb Code   332  dmul.o(x$fpl$dmul)
    __fpl_dnaninf                            0x0800f995   Thumb Code   156  dnaninf.o(x$fpl$dnaninf)
    __fpl_dretinf                            0x0800fa31   Thumb Code    12  dretinf.o(x$fpl$dretinf)
    __aeabi_dsub                             0x0800fa3d   Thumb Code     0  daddsub_clz.o(x$fpl$dsub)
    _dsub                                    0x0800fa3d   Thumb Code   464  daddsub_clz.o(x$fpl$dsub)
    __I$use$fp                               0x0800fc10   Number         0  usenofp.o(x$fpl$usenofp)
    Si4432Cfg_Tab                            0x0800fc18   Data          21  si4432.o(.constdata)
    VoltageTab                               0x0800fc36   Data          22  battery.o(.constdata)
    UnitTab                                  0x0800fc4c   Data          40  unitcfg.o(.constdata)
    ASCII_1608                               0x0800fc74   Data        1520  oled.o(.constdata)
    GB1616_ZMo                               0x08010264   Data          34  oled.o(.constdata)
    GB1616                                   0x08010286   Data         544  oled.o(.constdata)
    PIC_NUM                                  0x080104a8   Data           1  touchpadpic.o(.constdata)
    PIC_SIZE                                 0x080104aa   Data           2  touchpadpic.o(.constdata)
    PIC_TAB_START_ADDR                       0x080104ac   Data           4  touchpadpic.o(.constdata)
    PIC_TAB_END_ADDR                         0x080104b0   Data           4  touchpadpic.o(.constdata)
    PicTab_Bat                               0x080104b4   Data         246  touchpadpic.o(.constdata)
    PicPower                                 0x080105aa   Data         224  touchpadpic.o(.constdata)
    KeyAttrTab                               0x08010694   Data         300  keyexeattr.o(.constdata)
    HeadCMD                                  0x080107c0   Data           6  command.o(.constdata)
    TailCMD                                  0x080107c6   Data           6  command.o(.constdata)
    SysAttrTable                             0x080107cc   Data         740  sysexeattr.o(.constdata)
    ShiftBit                                 0x08010ab0   Data           4  dataencrypt.o(.constdata)
    DerictShift                              0x08010ab4   Data           4  dataencrypt.o(.constdata)
    EncodeX                                  0x08010ab8   Data           4  dataencrypt.o(.constdata)
    EncodeY                                  0x08010abc   Data           4  dataencrypt.o(.constdata)
    DevPivotalSet                            0x08010ac0   Data          72  devparttab.o(.constdata)
    CRCTable                                 0x08010b08   Data         512  crc.o(.constdata)
    Region$$Table$$Base                      0x08010d08   Number         0  anon$$obj.o(Region$$Table)
    Region$$Table$$Limit                     0x08010d28   Number         0  anon$$obj.o(Region$$Table)
    PLLMulTable                              0x20000000   Data           9  system_stm32l1xx.o(.data)
    AHBPrescTable                            0x20000009   Data          16  system_stm32l1xx.o(.data)
    TestRecFlag                              0x2000001f   Data           1  si4432.o(.data)
    Test                                     0x2000003c   Data           4  test.o(.data)
    gPowerPercent                            0x20000040   Data           1  battery.o(.data)
    gPowerLv                                 0x20000041   Data           1  battery.o(.data)
    gSleepFlag                               0x20000042   Data           1  lowpower.o(.data)
    gWukeUpForPassWord                       0x20000043   Data           1  lowpower.o(.data)
    PicTab                                   0x20000048   Data         196  touchpadpic.o(.data)
    gKeyCh                                   0x20000110   Data           7  key.o(.data)
    gKeyStatus                               0x20000117   Data           7  key.o(.data)
    gPassword                                0x2000011e   Data           4  key.o(.data)
    gPswFlag                                 0x20000122   Data           1  key.o(.data)
    UPDATA_LEVEL                             0x20000164   Data           1  updata.o(.data)
    UpgradeAim                               0x20000165   Data           1  updata.o(.data)
    UpgradePre                               0x20000168   Data         264  updata.o(.data)
    DelayID                                  0x20000288   Data           4  object.o(.data)
    Sign433_State                            0x2000028d   Data           1  sign433.o(.data)
    TestRecRSSI                              0x20000290   Data         100  si4432.o(.bss)
    gUnitData                                0x200002f4   Data          20  unitcfg.o(.bss)
    gKeyPrevState                            0x20000308   Data           9  key.o(.bss)
    ComplexImportFilter                      0x20000324   Data          40  key.o(.bss)
    rcv433fifo                               0x2000034c   Data          16  cmdprocess.o(.bss)
    send433fifo                              0x2000035c   Data          16  cmdprocess.o(.bss)
    rcvBuf                                   0x2000036c   Data        1024  cmdprocess.o(.bss)
    rcv_433                                  0x20000b6c   Data         272  cmdprocess.o(.bss)
    send_433                                 0x20000c7c   Data         272  cmdprocess.o(.bss)
    rcv433_shortfifo                         0x20000d8c   Data          16  cmdprocess.o(.bss)
    send433_shortfifo                        0x20000d9c   Data          16  cmdprocess.o(.bss)
    rcvshortBuf                              0x20000dac   Data         128  cmdprocess.o(.bss)
    rcv_433short                             0x20000eac   Data         272  cmdprocess.o(.bss)
    send_433short                            0x20000fbc   Data         272  cmdprocess.o(.bss)
    propfifo                                 0x200010cc   Data          16  linkscanfifo.o(.bss)
    propbuf                                  0x200010dc   Data         128  linkscanfifo.o(.bss)
    IAP_FLAG                                 0x200012a0   Data          16  updata.o(.bss)
    bootflag                                 0x200012b0   Data          12  updata.o(.bss)
    RADIO_PARA                               0x200012bc   Data          16  updata.o(.bss)
    gSysData                                 0x200013ec   Data          31  userdata.o(.bss)
    UserDownload                             0x2000176c   Data         140  userdatadownload.o(.bss)
    gSign433Comm                             0x200017f8   Data          12  sign433.o(.bss)
    ALink                                    0x20001804   Data        1651  linksimplest.o(.bss)
    ALinkTime                                0x20001e77   Data         351  linksimplesttime.o(.bss)
    __libspace_start                         0x20001fd8   Data          96  libspace.o(.bss)
    __temporary_stack_top$libspace           0x20002038   Data           0  libspace.o(.bss)



==============================================================================

Memory Map of the image

  Image Entry point : 0x080064f5

  Load Region LR_IROM1 (Base: 0x08006400, Size: 0x0000abb8, Max: 0x00020000, ABSOLUTE, COMPRESSED[0x0000a9f8])

    Execution Region ER_IROM1 (Base: 0x08006400, Size: 0x0000a928, Max: 0x00020000, ABSOLUTE)

    Base Addr    Size         Type   Attr      Idx    E Section Name        Object

    0x08006400   0x000000f4   Data   RO            3    RESET               startup_stm32l1xx_md.o
    0x080064f4   0x00000008   Code   RO         1837  * !!!main             c_w.l(__main.o)
    0x080064fc   0x00000034   Code   RO         2019    !!!scatter          c_w.l(__scatter.o)
    0x08006530   0x0000005a   Code   RO         2017    !!dczerorl2         c_w.l(__dczerorl2.o)
    0x0800658a   0x00000002   PAD
    0x0800658c   0x0000001c   Code   RO         2021    !!handler_zi        c_w.l(__scatter_zi.o)
    0x080065a8   0x00000002   Code   RO         1887    .ARM.Collect$$libinit$$00000000  c_w.l(libinit.o)
    0x080065aa   0x00000000   Code   RO         1894    .ARM.Collect$$libinit$$00000002  c_w.l(libinit2.o)
    0x080065aa   0x00000000   Code   RO         1896    .ARM.Collect$$libinit$$00000004  c_w.l(libinit2.o)
    0x080065aa   0x00000000   Code   RO         1899    .ARM.Collect$$libinit$$0000000A  c_w.l(libinit2.o)
    0x080065aa   0x00000000   Code   RO         1901    .ARM.Collect$$libinit$$0000000C  c_w.l(libinit2.o)
    0x080065aa   0x00000000   Code   RO         1903    .ARM.Collect$$libinit$$0000000E  c_w.l(libinit2.o)
    0x080065aa   0x00000000   Code   RO         1906    .ARM.Collect$$libinit$$00000011  c_w.l(libinit2.o)
    0x080065aa   0x00000000   Code   RO         1908    .ARM.Collect$$libinit$$00000013  c_w.l(libinit2.o)
    0x080065aa   0x00000000   Code   RO         1910    .ARM.Collect$$libinit$$00000015  c_w.l(libinit2.o)
    0x080065aa   0x00000000   Code   RO         1912    .ARM.Collect$$libinit$$00000017  c_w.l(libinit2.o)
    0x080065aa   0x00000000   Code   RO         1914    .ARM.Collect$$libinit$$00000019  c_w.l(libinit2.o)
    0x080065aa   0x00000000   Code   RO         1916    .ARM.Collect$$libinit$$0000001B  c_w.l(libinit2.o)
    0x080065aa   0x00000000   Code   RO         1918    .ARM.Collect$$libinit$$0000001D  c_w.l(libinit2.o)
    0x080065aa   0x00000000   Code   RO         1920    .ARM.Collect$$libinit$$0000001F  c_w.l(libinit2.o)
    0x080065aa   0x00000000   Code   RO         1922    .ARM.Collect$$libinit$$00000021  c_w.l(libinit2.o)
    0x080065aa   0x00000000   Code   RO         1924    .ARM.Collect$$libinit$$00000023  c_w.l(libinit2.o)
    0x080065aa   0x00000000   Code   RO         1926    .ARM.Collect$$libinit$$00000025  c_w.l(libinit2.o)
    0x080065aa   0x00000000   Code   RO         1930    .ARM.Collect$$libinit$$0000002C  c_w.l(libinit2.o)
    0x080065aa   0x00000000   Code   RO         1932    .ARM.Collect$$libinit$$0000002E  c_w.l(libinit2.o)
    0x080065aa   0x00000000   Code   RO         1934    .ARM.Collect$$libinit$$00000030  c_w.l(libinit2.o)
    0x080065aa   0x00000000   Code   RO         1936    .ARM.Collect$$libinit$$00000032  c_w.l(libinit2.o)
    0x080065aa   0x00000002   Code   RO         1937    .ARM.Collect$$libinit$$00000033  c_w.l(libinit2.o)
    0x080065ac   0x00000002   Code   RO         1957    .ARM.Collect$$libshutdown$$00000000  c_w.l(libshutdown.o)
    0x080065ae   0x00000000   Code   RO         1970    .ARM.Collect$$libshutdown$$00000002  c_w.l(libshutdown2.o)
    0x080065ae   0x00000000   Code   RO         1972    .ARM.Collect$$libshutdown$$00000004  c_w.l(libshutdown2.o)
    0x080065ae   0x00000000   Code   RO         1975    .ARM.Collect$$libshutdown$$00000007  c_w.l(libshutdown2.o)
    0x080065ae   0x00000000   Code   RO         1978    .ARM.Collect$$libshutdown$$0000000A  c_w.l(libshutdown2.o)
    0x080065ae   0x00000000   Code   RO         1980    .ARM.Collect$$libshutdown$$0000000C  c_w.l(libshutdown2.o)
    0x080065ae   0x00000000   Code   RO         1983    .ARM.Collect$$libshutdown$$0000000F  c_w.l(libshutdown2.o)
    0x080065ae   0x00000002   Code   RO         1984    .ARM.Collect$$libshutdown$$00000010  c_w.l(libshutdown2.o)
    0x080065b0   0x00000000   Code   RO         1857    .ARM.Collect$$rtentry$$00000000  c_w.l(__rtentry.o)
    0x080065b0   0x00000000   Code   RO         1864    .ARM.Collect$$rtentry$$00000002  c_w.l(__rtentry2.o)
    0x080065b0   0x00000006   Code   RO         1876    .ARM.Collect$$rtentry$$00000004  c_w.l(__rtentry4.o)
    0x080065b6   0x00000000   Code   RO         1866    .ARM.Collect$$rtentry$$00000009  c_w.l(__rtentry2.o)
    0x080065b6   0x00000004   Code   RO         1867    .ARM.Collect$$rtentry$$0000000A  c_w.l(__rtentry2.o)
    0x080065ba   0x00000000   Code   RO         1869    .ARM.Collect$$rtentry$$0000000C  c_w.l(__rtentry2.o)
    0x080065ba   0x00000008   Code   RO         1870    .ARM.Collect$$rtentry$$0000000D  c_w.l(__rtentry2.o)
    0x080065c2   0x00000002   Code   RO         1891    .ARM.Collect$$rtexit$$00000000  c_w.l(rtexit.o)
    0x080065c4   0x00000000   Code   RO         1939    .ARM.Collect$$rtexit$$00000002  c_w.l(rtexit2.o)
    0x080065c4   0x00000004   Code   RO         1940    .ARM.Collect$$rtexit$$00000003  c_w.l(rtexit2.o)
    0x080065c8   0x00000006   Code   RO         1941    .ARM.Collect$$rtexit$$00000004  c_w.l(rtexit2.o)
    0x080065ce   0x00000002   PAD
    0x080065d0   0x00000022   Code   RO          336    .emb_text           sys.o
    0x080065f2   0x00000002   PAD
    0x080065f4   0x00000040   Code   RO            4    .text               startup_stm32l1xx_md.o
    0x08006634   0x00000370   Code   RO           12    .text               system_stm32l1xx.o
    0x080069a4   0x00000002   Code   RO           65    .text               devicereset.o
    0x080069a6   0x00000002   PAD
    0x080069a8   0x00000140   Code   RO          118    .text               flash.o
    0x08006ae8   0x00000134   Code   RO          142    .text               gpio.o
    0x08006c1c   0x0000036c   Code   RO          162    .text               i2c.o
    0x08006f88   0x00000006   Code   RO          185    .text               instruct.o
    0x08006f8e   0x00000002   PAD
    0x08006f90   0x00000220   Code   RO          208    .text               program.o
    0x080071b0   0x0000097c   Code   RO          242    .text               si4432.o
    0x08007b2c   0x00000134   Code   RO          310    .text               spi.o
    0x08007c60   0x000002c4   Code   RO          337    .text               sys.o
    0x08007f24   0x00000108   Code   RO          363    .text               syshard.o
    0x0800802c   0x00000088   Code   RO          386    .text               systick.o
    0x080080b4   0x00000020   Code   RO          408    .text               test.o
    0x080080d4   0x00000124   Code   RO          441    .text               usart.o
    0x080081f8   0x0000000c   Code   RO          464    .text               wdg.o
    0x08008204   0x000001e8   Code   RO          487    .text               adc.o
    0x080083ec   0x000002d4   Code   RO          510    .text               battery.o
    0x080086c0   0x000000e4   Code   RO          541    .text               batteryexeattr.o
    0x080087a4   0x00000148   Code   RO          590    .text               lowpower.o
    0x080088ec   0x0000011c   Code   RO          648    .text               importfilter.o
    0x08008a08   0x00000050   Code   RO          665    .text               main.o
    0x08008a58   0x00000040   Code   RO          695    .text               unitcfg.o
    0x08008a98   0x00000344   Code   RO          756    .text               iic.o
    0x08008ddc   0x00000520   Code   RO          779    .text               oled.o
    0x080092fc   0x00000050   Code   RO          819    .text               wtc6216.o
    0x0800934c   0x0000002c   Code   RO          846    .text               iwdg.o
    0x08009378   0x000001d0   Code   RO          869    .text               showled.o
    0x08009548   0x000000fa   Code   RO          894    .text               queue.o
    0x08009642   0x00000002   PAD
    0x08009644   0x00000078   Code   RO          911    .text               timx.o
    0x080096bc   0x000005ec   Code   RO          934    .text               key.o
    0x08009ca8   0x0000030c   Code   RO          976    .text               keyexeattr.o
    0x08009fb4   0x0000034c   Code   RO         1008    .text               BestFu_STM32L15X_L10200.lib(cmdprocess.o)
    0x0800a300   0x0000032c   Code   RO         1085    .text               BestFu_STM32L15X_L10200.lib(command.o)
    0x0800a62c   0x00000034   Code   RO         1108    .text               BestFu_STM32L15X_L10200.lib(delay.o)
    0x0800a660   0x00000166   Code   RO         1157    .text               BestFu_STM32L15X_L10200.lib(eeprom.o)
    0x0800a7c6   0x00000002   PAD
    0x0800a7c8   0x00000050   Code   RO         1187    .text               BestFu_STM32L15X_L10200.lib(faultmanage.o)
    0x0800a818   0x00000296   Code   RO         1205    .text               BestFu_STM32L15X_L10200.lib(fifo.o)
    0x0800aaae   0x00000002   PAD
    0x0800aab0   0x000000a0   Code   RO         1217    .text               BestFu_STM32L15X_L10200.lib(linkscanfifo.o)
    0x0800ab50   0x00000190   Code   RO         1258    .text               BestFu_STM32L15X_L10200.lib(msgpackage.o)
    0x0800ace0   0x00000a9c   Code   RO         1276    .text               BestFu_STM32L15X_L10200.lib(sysexeattr.o)
    0x0800b77c   0x0000032c   Code   RO         1325    .text               BestFu_STM32L15X_L10200.lib(thread.o)
    0x0800baa8   0x00000318   Code   RO         1341    .text               BestFu_STM32L15X_L10200.lib(updata.o)
    0x0800bdc0   0x0000024c   Code   RO         1369    .text               BestFu_STM32L15X_L10200.lib(upload.o)
    0x0800c00c   0x00000c2c   Code   RO         1386    .text               BestFu_STM32L15X_L10200.lib(userdata.o)
    0x0800cc38   0x000001a8   Code   RO         1421    .text               BestFu_STM32L15X_L10200.lib(sign433attr.o)
    0x0800cde0   0x000003bc   Code   RO         1458    .text               BestFu_STM32L15X_L10200.lib(dataencrypt.o)
    0x0800d19c   0x000000b0   Code   RO         1488    .text               BestFu_STM32L15X_L10200.lib(devparttab.o)
    0x0800d24c   0x00000100   Code   RO         1513    .text               BestFu_STM32L15X_L10200.lib(bestfulib.o)
    0x0800d34c   0x00000070   Code   RO         1525    .text               BestFu_STM32L15X_L10200.lib(crc.o)
    0x0800d3bc   0x00000230   Code   RO         1542    .text               BestFu_STM32L15X_L10200.lib(flashattr.o)
    0x0800d5ec   0x000002d0   Code   RO         1560    .text               BestFu_STM32L15X_L10200.lib(linksrc.o)
    0x0800d8bc   0x00000510   Code   RO         1572    .text               BestFu_STM32L15X_L10200.lib(linkwrdc.o)
    0x0800ddcc   0x00000658   Code   RO         1593    .text               BestFu_STM32L15X_L10200.lib(object.o)
    0x0800e424   0x000002c0   Code   RO         1631    .text               BestFu_STM32L15X_L10200.lib(scene&group.o)
    0x0800e6e4   0x00000064   Code   RO         1662    .text               BestFu_STM32L15X_L10200.lib(systestattr.o)
    0x0800e748   0x0000029c   Code   RO         1688    .text               BestFu_STM32L15X_L10200.lib(unitshare_attr.o)
    0x0800e9e4   0x000001b0   Code   RO         1702    .text               BestFu_STM32L15X_L10200.lib(userdatadownload.o)
    0x0800eb94   0x000000b8   Code   RO         1726    .text               BestFu_STM32L15X_L10200.lib(sign433.o)
    0x0800ec4c   0x00000168   Code   RO         1748    .text               BestFu_STM32L15X_L10200.lib(deviceidsetattr.o)
    0x0800edb4   0x00000324   Code   RO         1773    .text               BestFu_STM32L15X_L10200.lib(linksimplest.o)
    0x0800f0d8   0x000002a0   Code   RO         1797    .text               BestFu_STM32L15X_L10200.lib(linksimplesttime.o)
    0x0800f378   0x000001c0   Code   RO         1819    .text               BestFu_STM32L15X_L10200.lib(timehandle.o)
    0x0800f538   0x0000004e   Code   RO         1833    .text               c_w.l(rt_memclr_w.o)
    0x0800f586   0x00000006   Code   RO         1835    .text               c_w.l(heapauxi.o)
    0x0800f58c   0x0000004a   Code   RO         1878    .text               c_w.l(sys_stackheap_outer.o)
    0x0800f5d6   0x00000012   Code   RO         1880    .text               c_w.l(exit.o)
    0x0800f5e8   0x00000008   Code   RO         1888    .text               c_w.l(libspace.o)
    0x0800f5f0   0x0000000c   Code   RO         1949    .text               c_w.l(sys_exit.o)
    0x0800f5fc   0x00000002   Code   RO         1960    .text               c_w.l(use_no_semi.o)
    0x0800f5fe   0x00000000   Code   RO         1962    .text               c_w.l(indicate_semi.o)
    0x0800f5fe   0x00000002   PAD
    0x0800f600   0x00000040   Code   RO         1646    i.DecryptionFlash   BestFu_STM32L15X_L10200.lib(scene&group.o)
    0x0800f640   0x00000150   Code   RO         1839    x$fpl$dadd          fz_ws.l(daddsub_clz.o)
    0x0800f790   0x0000005a   Code   RO         1845    x$fpl$dfixu         fz_ws.l(dfixu.o)
    0x0800f7ea   0x0000002e   Code   RO         1850    x$fpl$dflt          fz_ws.l(dflt_clz.o)
    0x0800f818   0x00000026   Code   RO         1849    x$fpl$dfltu         fz_ws.l(dflt_clz.o)
    0x0800f83e   0x00000002   PAD
    0x0800f840   0x00000154   Code   RO         1855    x$fpl$dmul          fz_ws.l(dmul.o)
    0x0800f994   0x0000009c   Code   RO         1858    x$fpl$dnaninf       fz_ws.l(dnaninf.o)
    0x0800fa30   0x0000000c   Code   RO         1860    x$fpl$dretinf       fz_ws.l(dretinf.o)
    0x0800fa3c   0x000001d4   Code   RO         1841    x$fpl$dsub          fz_ws.l(daddsub_clz.o)
    0x0800fc10   0x00000000   Code   RO         1862    x$fpl$usenofp       fz_ws.l(usenofp.o)
    0x0800fc10   0x00000008   Data   RO          209    .constdata          program.o
    0x0800fc18   0x0000001e   Data   RO          244    .constdata          si4432.o
    0x0800fc36   0x00000016   Data   RO          511    .constdata          battery.o
    0x0800fc4c   0x00000028   Data   RO          697    .constdata          unitcfg.o
    0x0800fc74   0x00000832   Data   RO          780    .constdata          oled.o
    0x080104a6   0x00000002   PAD
    0x080104a8   0x000001e2   Data   RO          803    .constdata          touchpadpic.o
    0x0801068a   0x00000007   Data   RO          936    .constdata          key.o
    0x08010691   0x00000003   PAD
    0x08010694   0x0000012c   Data   RO          977    .constdata          keyexeattr.o
    0x080107c0   0x0000000c   Data   RO         1086    .constdata          BestFu_STM32L15X_L10200.lib(command.o)
    0x080107cc   0x000002e4   Data   RO         1277    .constdata          BestFu_STM32L15X_L10200.lib(sysexeattr.o)
    0x08010ab0   0x00000010   Data   RO         1459    .constdata          BestFu_STM32L15X_L10200.lib(dataencrypt.o)
    0x08010ac0   0x00000048   Data   RO         1489    .constdata          BestFu_STM32L15X_L10200.lib(devparttab.o)
    0x08010b08   0x00000200   Data   RO         1526    .constdata          BestFu_STM32L15X_L10200.lib(crc.o)
    0x08010d08   0x00000020   Data   RO         2015    Region$$Table       anon$$obj.o


    Execution Region RW_IRAM1 (Base: 0x20000000, Size: 0x00002a38, Max: 0x00004000, ABSOLUTE, COMPRESSED[0x000000d0])

    Base Addr    Size         Type   Attr      Idx    E Section Name        Object

    0x20000000   0x00000019   Data   RW           13    .data               system_stm32l1xx.o
    0x20000019   0x00000003   PAD
    0x2000001c   0x00000018   Data   RW          245    .data               si4432.o
    0x20000034   0x00000008   Data   RW          387    .data               systick.o
    0x2000003c   0x00000004   Data   RW          409    .data               test.o
    0x20000040   0x00000002   Data   RW          512    .data               battery.o
    0x20000042   0x00000004   Data   RW          591    .data               lowpower.o
    0x20000046   0x00000002   PAD
    0x20000048   0x000000c4   Data   RW          804    .data               touchpadpic.o
    0x2000010c   0x00000003   Data   RW          871    .data               showled.o
    0x2000010f   0x00000001   PAD
    0x20000110   0x0000004f   Data   RW          937    .data               key.o
    0x2000015f   0x00000002   Data   RW          978    .data               keyexeattr.o
    0x20000161   0x00000003   PAD
    0x20000164   0x0000010c   Data   RW         1343    .data               BestFu_STM32L15X_L10200.lib(updata.o)
    0x20000270   0x00000001   Data   RW         1371    .data               BestFu_STM32L15X_L10200.lib(upload.o)
    0x20000271   0x00000003   PAD
    0x20000274   0x00000005   Data   RW         1388    .data               BestFu_STM32L15X_L10200.lib(userdata.o)
    0x20000279   0x00000008   Data   RW         1460    .data               BestFu_STM32L15X_L10200.lib(dataencrypt.o)
    0x20000281   0x00000003   PAD
    0x20000284   0x00000004   Data   RW         1490    .data               BestFu_STM32L15X_L10200.lib(devparttab.o)
    0x20000288   0x00000005   Data   RW         1595    .data               BestFu_STM32L15X_L10200.lib(object.o)
    0x2000028d   0x00000002   Data   RW         1728    .data               BestFu_STM32L15X_L10200.lib(sign433.o)
    0x2000028f   0x00000001   PAD
    0x20000290   0x00000064   Zero   RW          243    .bss                si4432.o
    0x200002f4   0x00000014   Zero   RW          696    .bss                unitcfg.o
    0x20000308   0x00000044   Zero   RW          935    .bss                key.o
    0x2000034c   0x00000d80   Zero   RW         1009    .bss                BestFu_STM32L15X_L10200.lib(cmdprocess.o)
    0x200010cc   0x00000090   Zero   RW         1218    .bss                BestFu_STM32L15X_L10200.lib(linkscanfifo.o)
    0x2000115c   0x00000144   Zero   RW         1326    .bss                BestFu_STM32L15X_L10200.lib(thread.o)
    0x200012a0   0x0000002c   Zero   RW         1342    .bss                BestFu_STM32L15X_L10200.lib(updata.o)
    0x200012cc   0x00000120   Zero   RW         1370    .bss                BestFu_STM32L15X_L10200.lib(upload.o)
    0x200013ec   0x0000023f   Zero   RW         1387    .bss                BestFu_STM32L15X_L10200.lib(userdata.o)
    0x2000162b   0x00000001   PAD
    0x2000162c   0x00000140   Zero   RW         1594    .bss                BestFu_STM32L15X_L10200.lib(object.o)
    0x2000176c   0x0000008c   Zero   RW         1703    .bss                BestFu_STM32L15X_L10200.lib(userdatadownload.o)
    0x200017f8   0x0000000c   Zero   RW         1727    .bss                BestFu_STM32L15X_L10200.lib(sign433.o)
    0x20001804   0x00000673   Zero   RW         1774    .bss                BestFu_STM32L15X_L10200.lib(linksimplest.o)
    0x20001e77   0x0000015f   Zero   RW         1798    .bss                BestFu_STM32L15X_L10200.lib(linksimplesttime.o)
    0x20001fd6   0x00000002   PAD
    0x20001fd8   0x00000060   Zero   RW         1889    .bss                c_w.l(libspace.o)
    0x20002038   0x00000200   Zero   RW            2    HEAP                startup_stm32l1xx_md.o
    0x20002238   0x00000800   Zero   RW            1    STACK               startup_stm32l1xx_md.o


==============================================================================

Image component sizes


      Code (inc. data)   RO Data    RW Data    ZI Data      Debug   Object Name

       488         18          0          0          0       2229   adc.o
       724         14         22          2          0       4452   battery.o
       228         20          0          0          0       8519   batteryexeattr.o
         2          0          0          0          0       7791   devicereset.o
       320         22          0          0          0       3779   flash.o
       308         10          0          0          0       2374   gpio.o
       876          0          0          0          0       4033   i2c.o
       836          6          0          0          0       3448   iic.o
       284          0          0          0          0       3225   importfilter.o
         6          0          0          0          0        750   instruct.o
        44          6          0          0          0        790   iwdg.o
      1516        182          7         79         68       6742   key.o
       780         66        300          2          0       4356   keyexeattr.o
       328         40          0          4          0      26793   lowpower.o
        80         16          0          0          0        643   main.o
      1312         16       2098          0          0       7006   oled.o
       544         32          8          0          0       4341   program.o
       250          0          0          0          0       2696   queue.o
       464         28          0          3          0       3088   showled.o
      2428        116         30         24        100       9283   si4432.o
       308         10          0          0          0       1272   spi.o
        64         26        244          0       2560        952   startup_stm32l1xx_md.o
       742         50          0          0          0       4014   sys.o
       264         22          0          0          0       1106   syshard.o
       880         44          0         25          0     192790   system_stm32l1xx.o
       136         14          0          8          0       1615   systick.o
        32          4          0          4          0        975   test.o
       120          6          0          0          0       1416   timx.o
         0          0        482        196          0       1142   touchpadpic.o
        64          8         40          0         20       3748   unitcfg.o
       292         18          0          0          0       2035   usart.o
        12          0          0          0          0       1557   wdg.o
        80         10          0          0          0        835   wtc6216.o

    ----------------------------------------------------------------------
     14820        804       3268        356       2748     319795   Object Totals
         0          0         32          0          0          0   (incl. Generated)
         8          0          5          9          0          0   (incl. Padding)

    ----------------------------------------------------------------------

      Code (inc. data)   RO Data    RW Data    ZI Data      Debug   Library Member Name

       256          0          0          0          0       2522   bestfulib.o
       844        100          0          0       3456      14702   cmdprocess.o
       812          8         12          0          0       3449   command.o
       112          4        512          0          0       1719   crc.o
       956         24         16          8          0       3753   dataencrypt.o
        52          0          0          0          0        716   delay.o
       360         24          0          0          0       2390   deviceidsetattr.o
       176         14         72          4          0       2445   devparttab.o
       358          0          0          0          0       2703   eeprom.o
        80          6          0          0          0       1251   faultmanage.o
       662          0          0          0          0       4210   fifo.o
       560         18          0          0          0       3555   flashattr.o
       160         14          0          0        144       4262   linkscanfifo.o
       804         10          0          0       1651       5406   linksimplest.o
       672          8          0          0        351       4844   linksimplesttime.o
       720         34          0          0          0       2709   linksrc.o
      1296         10          0          0          0       9356   linkwrdc.o
       400         12          0          0          0       2812   msgpackage.o
      1624         48          0          5        320       5472   object.o
       768         14          0          0          0       3400   scene&group.o
       184         10          0          2         12       2541   sign433.o
       424         26          0          0          0       9045   sign433attr.o
      2716         24        740          0          0      15834   sysexeattr.o
       100         16          0          0          0        778   systestattr.o
       812          4          0          0        324       3549   thread.o
       448          0          0          0          0       2317   timehandle.o
       668          8          0          0          0       2919   unitshare_attr.o
       792         32          0        268         44       5208   updata.o
       588         18          0          1        288       2614   upload.o
      3116         52          0          5        575      16308   userdata.o
       432         16          0          0        140       2425   userdatadownload.o
        90          0          0          0          0          0   __dczerorl2.o
         8          0          0          0          0         68   __main.o
         0          0          0          0          0          0   __rtentry.o
        12          0          0          0          0          0   __rtentry2.o
         6          0          0          0          0          0   __rtentry4.o
        52          8          0          0          0          0   __scatter.o
        28          0          0          0          0          0   __scatter_zi.o
        18          0          0          0          0         80   exit.o
         6          0          0          0          0        152   heapauxi.o
         0          0          0          0          0          0   indicate_semi.o
         2          0          0          0          0          0   libinit.o
         2          0          0          0          0          0   libinit2.o
         2          0          0          0          0          0   libshutdown.o
         2          0          0          0          0          0   libshutdown2.o
         8          4          0          0         96         68   libspace.o
        78          0          0          0          0         80   rt_memclr_w.o
         2          0          0          0          0          0   rtexit.o
        10          0          0          0          0          0   rtexit2.o
        12          4          0          0          0         68   sys_exit.o
        74          0          0          0          0         80   sys_stackheap_outer.o
         2          0          0          0          0         68   use_no_semi.o
       804         16          0          0          0        272   daddsub_clz.o
        90          4          0          0          0         92   dfixu.o
        84          0          0          0          0        136   dflt_clz.o
       340         12          0          0          0        104   dmul.o
       156          4          0          0          0         92   dnaninf.o
        12          0          0          0          0         68   dretinf.o
         0          0          0          0          0          0   usenofp.o

    ----------------------------------------------------------------------
     23864        606       1352        300       7404     146642   Library Totals
        12          0          0          7          3          0   (incl. Padding)

    ----------------------------------------------------------------------

      Code (inc. data)   RO Data    RW Data    ZI Data      Debug   Library Name

     21952        554       1352        293       7305     145214   BestFu_STM32L15X_L10200.lib
       414         16          0          0         96        664   c_w.l
      1486         36          0          0          0        764   fz_ws.l

    ----------------------------------------------------------------------
     23864        606       1352        300       7404     146642   Library Totals

    ----------------------------------------------------------------------

==============================================================================


      Code (inc. data)   RO Data    RW Data    ZI Data      Debug   

     38684       1410       4620        656      10152     461129   Grand Totals
     38684       1410       4620        208      10152     461129   ELF Image Totals (compressed)
     38684       1410       4620        208          0          0   ROM Totals

==============================================================================

    Total RO  Size (Code + RO Data)                43304 (  42.29kB)
    Total RW  Size (RW Data + ZI Data)             10808 (  10.55kB)
    Total ROM Size (Code + RO Data + RW Data)      43512 (  42.49kB)

==============================================================================

