Component: ARM Compiler 5.06 update 2 (build 183) Tool: armlink [4d35b7]

==============================================================================

Section Cross References

    startup_stm32l1xx_md.o(STACK) refers (Special) to heapauxi.o(.text) for __use_two_region_memory
    startup_stm32l1xx_md.o(HEAP) refers (Special) to heapauxi.o(.text) for __use_two_region_memory
    startup_stm32l1xx_md.o(RESET) refers (Special) to heapauxi.o(.text) for __use_two_region_memory
    startup_stm32l1xx_md.o(RESET) refers to startup_stm32l1xx_md.o(STACK) for __initial_sp
    startup_stm32l1xx_md.o(RESET) refers to startup_stm32l1xx_md.o(.text) for Reset_Handler
    startup_stm32l1xx_md.o(RESET) refers to systick.o(.text) for SysTick_Handler
    startup_stm32l1xx_md.o(RESET) refers to lowpower.o(.text) for EXTI0_IRQHandler
    startup_stm32l1xx_md.o(RESET) refers to timx.o(.text) for TIM2_IRQHandler
    startup_stm32l1xx_md.o(RESET) refers to usart.o(.text) for USART1_IRQHandler
    startup_stm32l1xx_md.o(RESET) refers to si4432.o(.text) for EXTI15_10_IRQHandler
    startup_stm32l1xx_md.o(.text) refers (Special) to heapauxi.o(.text) for __use_two_region_memory
    startup_stm32l1xx_md.o(.text) refers to system_stm32l1xx.o(.text) for SystemInit
    startup_stm32l1xx_md.o(.text) refers to __main.o(!!!main) for __main
    startup_stm32l1xx_md.o(.text) refers to startup_stm32l1xx_md.o(HEAP) for Heap_Mem
    startup_stm32l1xx_md.o(.text) refers to startup_stm32l1xx_md.o(STACK) for Stack_Mem
    system_stm32l1xx.o(.text) refers to system_stm32l1xx.o(.data) for SystemCoreClock
    cmdprocess.o(.text) refers to command.o(.text) for cmd_get
    cmdprocess.o(.text) refers to systick.o(.text) for UpdateRandomTime
    cmdprocess.o(.text) refers to unitcfg.o(.text) for UnitCnt_Get
    cmdprocess.o(.text) refers to upload.o(.text) for Upload
    cmdprocess.o(.text) refers to bestfulib.o(.text) for memmove
    cmdprocess.o(.text) refers to object.o(.text) for Object_Check
    cmdprocess.o(.text) refers to lowpower.o(.text) for StandbyCountReset
    cmdprocess.o(.text) refers to instruct.o(.text) for Instruct
    cmdprocess.o(.text) refers to msgpackage.o(.text) for Msg_Feedback
    cmdprocess.o(.text) refers to fifo.o(.text) for fifo_Init
    cmdprocess.o(.text) refers to thread.o(.text) for Thread_Login
    cmdprocess.o(.text) refers to object.o(.data) for DelayID
    cmdprocess.o(.text) refers to userdata.o(.bss) for gSysData
    cmdprocess.o(.text) refers to cmdprocess.o(.bss) for send_433
    cmdprocess.o(.text) refers to unitcfg.o(.constdata) for UnitTab
    cmdprocess.o(.text) refers to unitcfg.o(.bss) for gUnitData
    cmdprocess.o(.text) refers to si4432.o(.text) for Si4432_Send
    command.o(.text) refers to fifo.o(.text) for fifo_empty
    command.o(.text) refers to crc.o(.text) for ChkCrcValue
    command.o(.text) refers to command.o(.constdata) for HeadCMD
    crc.o(.text) refers to crc.o(.constdata) for CRCTable
    delay.o(.text) refers to wdg.o(.text) for WDG_Feed
    eeprom.o(.text) refers to i2c.o(.text) for IIC_Read
    eeprom.o(.text) refers to faultmanage.o(.text) for Fault_Upload
    faultmanage.o(.text) refers to upload.o(.text) for Upload_Fault
    faultmanage.o(.text) refers to thread.o(.text) for Thread_Logout
    faultmanage.o(.text) refers to wdg.o(.text) for WDG_FeedOFF
    faultmanage.o(.text) refers to userdata.o(.text) for FaultData_Save
    faultmanage.o(.text) refers to instruct.o(.text) for Instruct_Run
    fifo.o(.text) refers to bestfulib.o(.text) for memcpy
    flashattr.o(.text) refers to updata.o(.text) for Updata_Check
    flashattr.o(.text) refers to wdg.o(.text) for WDG_Feed
    flashattr.o(.text) refers to thread.o(.text) for Thread_Login
    flashattr.o(.text) refers to flashattr.o(.data) for Version
    flashattr.o(.text) refers to si4432.o(.text) for Si4432_Init
    linkscanfifo.o(.text) refers to fifo.o(.text) for fifo_Init
    linkscanfifo.o(.text) refers to linksrc.o(.text) for LinkSrcExe
    linkscanfifo.o(.text) refers to thread.o(.text) for Thread_Login
    linkscanfifo.o(.text) refers to upload.o(.text) for Upload
    linkscanfifo.o(.text) refers to linkscanfifo.o(.bss) for propbuf
    linkscanfifo.o(.text) refers to unitcfg.o(.bss) for gUnitData
    linksimplest.o(.text) refers to eeprom.o(.text) for WriteDataToEEPROM
    linksimplest.o(.text) refers to bestfulib.o(.text) for memset
    linksimplest.o(.text) refers to linksimplest.o(.bss) for ALink
    linksrc.o(.text) refers to linksimplest.o(.text) for ALinkInit
    linksrc.o(.text) refers to msgpackage.o(.text) for Msg_Send
    linksrc.o(.text) refers to linksimplest.o(.bss) for ALink
    linkwrdc.o(.text) refers to linksimplest.o(.text) for CheckALinkFull
    linkwrdc.o(.text) refers to bestfulib.o(.text) for memset
    linkwrdc.o(.text) refers to eeprom.o(.text) for WriteDataToEEPROM
    linkwrdc.o(.text) refers to linksimplest.o(.bss) for ALink
    msgpackage.o(.text) refers to userdata.o(.text) for SysEEPROMData_Set
[...]
    I2C_RecvB_Ack                            0x080050a5   Thumb Code   136  i2c.o(.text)
    .text                                    0x08005258   Section        0  instruct.o(.text)
    .text                                    0x08005260   Section        0  program.o(.text)
    .text                                    0x08005478   Section        0  si4432.o(.text)
    SPI_RW_Reg                               0x08005491   Thumb Code    44  si4432.o(.text)
    Si4432_PortInit                          0x080054bd   Thumb Code   110  si4432.o(.text)
    SI4432_SendEn                            0x0800552b   Thumb Code     8  si4432.o(.text)
    SetMode_RX                               0x08005533   Thumb Code    80  si4432.o(.text)
    Si4432_Fault                             0x080055c9   Thumb Code    16  si4432.o(.text)
    Si4432_Threshold                         0x080055d9   Thumb Code   294  si4432.o(.text)
    SetMode_TX                               0x080059dd   Thumb Code    28  si4432.o(.text)
    SI4432_Send_All_Data                     0x080059f9   Thumb Code   162  si4432.o(.text)
    RecDataToFifo                            0x08005a9b   Thumb Code   430  si4432.o(.text)
    Check_433M_Busy                          0x08005c5d   Thumb Code   218  si4432.o(.text)
    .text                                    0x08005d8c   Section        0  spi.o(.text)
    .text                                    0x08005ec0   Section        0  sys.o(.text)
    .text                                    0x08006184   Section        0  syshard.o(.text)
    .text                                    0x08006288   Section        0  systick.o(.text)
    .text                                    0x080062f8   Section        0  test.o(.text)
    .text                                    0x08006318   Section        0  usart.o(.text)
    .text                                    0x0800643c   Section        0  wdg.o(.text)
    .text                                    0x08006490   Section        0  adc.o(.text)
    ADC_PortInit                             0x08006491   Thumb Code    58  adc.o(.text)
    .text                                    0x08006678   Section        0  battery.o(.text)
    .text                                    0x0800694c   Section        0  batteryexeattr.o(.text)
    .text                                    0x08006a30   Section        0  lowpower.o(.text)
    .text                                    0x08006b78   Section        0  flashsizeflag.o(.text)
    .text                                    0x08006b88   Section        0  importfilter.o(.text)
    Find_ArrayLabal                          0x08006b89   Thumb Code    32  importfilter.o(.text)
    ComplexTimeNumFilterTime_Handle          0x08006ba9   Thumb Code    88  importfilter.o(.text)
    .text                                    0x08006ca4   Section        0  main.o(.text)
    .text                                    0x08006ce4   Section        0  unitcfg.o(.text)
    .text                                    0x08006d20   Section        0  iic.o(.text)
    .text                                    0x08007064   Section        0  oled.o(.text)
    .text                                    0x08007584   Section        0  wtc6216.o(.text)
    .text                                    0x080075d4   Section        0  iwdg.o(.text)
    .text                                    0x08007600   Section        0  showled.o(.text)
    .text                                    0x080077d0   Section        0  queue.o(.text)
    IsFull                                   0x080077f3   Thumb Code    30  queue.o(.text)
    IsEmpty                                  0x08007811   Thumb Code    18  queue.o(.text)
    .text                                    0x080078cc   Section        0  timx.o(.text)
    .text                                    0x08007944   Section        0  key.o(.text)
    Key_FilterInit                           0x08007945   Thumb Code    56  key.o(.text)
    DeviceKeyNoBusyDispPicture               0x080079b7   Thumb Code   150  key.o(.text)
    DeviceKeyNoBusyInstruct                  0x08007a4d   Thumb Code    16  key.o(.text)
    DeviceKeyBusyDispPicture                 0x08007a5d   Thumb Code    20  key.o(.text)
    DeviceKeyBusyInstruct                    0x08007a71   Thumb Code    16  key.o(.text)
    CheckUserPassWordInput                   0x08007b9b   Thumb Code   320  key.o(.text)
    .text                                    0x08007f2c   Section        0  keyexeattr.o(.text)
    .text                                    0x08008234   Section       78  rt_memclr_w.o(.text)
    .text                                    0x08008282   Section        0  heapauxi.o(.text)
    .text                                    0x08008288   Section       74  sys_stackheap_outer.o(.text)
    .text                                    0x080082d2   Section        0  exit.o(.text)
    .text                                    0x080082e4   Section        8  libspace.o(.text)
    .text                                    0x080082ec   Section        0  sys_exit.o(.text)
    .text                                    0x080082f8   Section        2  use_no_semi.o(.text)
    .text                                    0x080082fa   Section        0  indicate_semi.o(.text)
    i.DecryptionFlash                        0x080082fc   Section        0  scene&group.o(i.DecryptionFlash)
    x$fpl$dadd                               0x0800833c   Section      336  daddsub_clz.o(x$fpl$dadd)
    _dadd1                                   0x0800834d   Thumb Code     0  daddsub_clz.o(x$fpl$dadd)
    x$fpl$dfixu                              0x0800848c   Section       90  dfixu.o(x$fpl$dfixu)
    x$fpl$dfltu                              0x080084e6   Section       38  dflt_clz.o(x$fpl$dfltu)
    x$fpl$dmul                               0x0800850c   Section      340  dmul.o(x$fpl$dmul)
    x$fpl$dnaninf                            0x08008660   Section      156  dnaninf.o(x$fpl$dnaninf)
    x$fpl$dretinf                            0x080086fc   Section       12  dretinf.o(x$fpl$dretinf)
    x$fpl$dsub                               0x08008708   Section      468  daddsub_clz.o(x$fpl$dsub)
    _dsub1                                   0x08008719   Thumb Code     0  daddsub_clz.o(x$fpl$dsub)
    .constdata                               0x080088dc   Section       12  command.o(.constdata)
    x$fpl$usenofp                            0x080088dc   Section        0  usenofp.o(x$fpl$usenofp)
    .constdata                               0x080088e8   Section      512  crc.o(.constdata)
    .constdata                               0x08008ae8   Section      560  sysexeattr.o(.constdata)
    .constdata                               0x08008d18   Section        8  program.o(.constdata)
    .constdata                               0x08008d20   Section       30  si4432.o(.constdata)
    randWait_Tab                             0x08008d36   Data           8  si4432.o(.constdata)
    .constdata                               0x08008d3e   Section       22  battery.o(.constdata)
    .constdata                               0x08008d54   Section       23  flashsizeflag.o(.constdata)
    .constdata                               0x08008d6c   Section       32  unitcfg.o(.constdata)
    .constdata                               0x08008d8c   Section     2098  oled.o(.constdata)
    .constdata                               0x080095c0   Section      482  touchpadpic.o(.constdata)
    .constdata                               0x080097a2   Section        7  key.o(.constdata)
    KeyMapTab                                0x080097a2   Data           7  key.o(.constdata)
    .constdata                               0x080097ac   Section      240  keyexeattr.o(.constdata)
    .data                                    0x20000000   Section       29  system_stm32l1xx.o(.data)
    .data                                    0x2000001d   Section        2  flashattr.o(.data)
    UPDATA_LEVEL                             0x2000001d   Data           1  flashattr.o(.data)
    Version                                  0x2000001e   Data           1  flashattr.o(.data)
    .data                                    0x20000020   Section        5  object.o(.data)
    seat                                     0x20000024   Data           1  object.o(.data)
    .data                                    0x20000025   Section        2  sign433.o(.data)
    SendCount                                0x20000026   Data           1  sign433.o(.data)
    .data                                    0x20000027   Section        2  updata.o(.data)
    .data                                    0x20000029   Section        1  upload.o(.data)
    Fault                                    0x20000029   Data           1  upload.o(.data)
    .data                                    0x2000002a   Section        1  userdata.o(.data)
    cnt                                      0x2000002a   Data           1  userdata.o(.data)
    .data                                    0x2000002c   Section       24  si4432.o(.data)
    SI4432_RSSI                              0x2000002c   Data           1  si4432.o(.data)
    SI4432SendEn                             0x2000002d   Data           1  si4432.o(.data)
    Threshold                                0x2000002e   Data           1  si4432.o(.data)
    seat                                     0x20000030   Data           1  si4432.o(.data)
    busyTime                                 0x20000032   Data           2  si4432.o(.data)
    idleTime                                 0x20000034   Data           2  si4432.o(.data)
    rand                                     0x20000036   Data           2  si4432.o(.data)
    buf                                      0x20000038   Data           4  si4432.o(.data)
    time                                     0x2000003c   Data           4  si4432.o(.data)
    calculTime                               0x20000040   Data           4  si4432.o(.data)
    .data                                    0x20000044   Section        8  systick.o(.data)
    timer                                    0x20000044   Data           4  systick.o(.data)
    RandTime                                 0x20000048   Data           4  systick.o(.data)
    .data                                    0x2000004c   Section        4  test.o(.data)
    .data                                    0x20000050   Section        2  battery.o(.data)
    .data                                    0x20000052   Section        4  lowpower.o(.data)
    LowPowerTimeCount                        0x20000054   Data           2  lowpower.o(.data)
    .data                                    0x20000058   Section      196  touchpadpic.o(.data)
    .data                                    0x2000011c   Section        3  showled.o(.data)
    gSeat                                    0x2000011c   Data           1  showled.o(.data)
    gStep                                    0x2000011d   Data           1  showled.o(.data)
    a                                        0x2000011e   Data           1  showled.o(.data)
    .data                                    0x20000120   Section       79  key.o(.data)
    InputPassword                            0x20000133   Data           4  key.o(.data)
    PswBit                                   0x20000137   Data           1  key.o(.data)
    key_map                                  0x20000138   Data          24  key.o(.data)
    key_cnt                                  0x20000150   Data          24  key.o(.data)
    MidValidKey                              0x20000168   Data           1  key.o(.data)
    NewKey                                   0x20000169   Data           1  key.o(.data)
    OldKey                                   0x2000016a   Data           1  key.o(.data)
    LstKey                                   0x2000016b   Data           1  key.o(.data)
    LongKeyCount                             0x2000016c   Data           2  key.o(.data)
    FirstPassWord                            0x2000016e   Data           1  key.o(.data)
    .data                                    0x2000016f   Section        2  keyexeattr.o(.data)
    IWDG_flag                                0x2000016f   Data           1  keyexeattr.o(.data)
    first_key                                0x20000170   Data           1  keyexeattr.o(.data)
    .bss                                     0x20000174   Section     2608  cmdprocess.o(.bss)
    sendBuf                                  0x20000594   Data        1024  cmdprocess.o(.bss)
    .bss                                     0x20000ba4   Section      144  linkscanfifo.o(.bss)
    .bss                                     0x20000c34   Section     1651  linksimplest.o(.bss)
    .bss                                     0x200012a8   Section      320  object.o(.bss)
    .bss                                     0x200013e8   Section       12  sign433.o(.bss)
    .bss                                     0x200013f4   Section      324  thread.o(.bss)
    thread                                   0x200013f4   Data         324  thread.o(.bss)
    .bss                                     0x20001538   Section      272  updata.o(.bss)
    .bss                                     0x20001648   Section       31  userdata.o(.bss)
    .bss                                     0x20001668   Section      140  userdatadownload.o(.bss)
    .bss                                     0x200016f4   Section      100  si4432.o(.bss)
    .bss                                     0x20001758   Section       16  unitcfg.o(.bss)
    .bss                                     0x20001768   Section       68  key.o(.bss)
    Queue                                    0x20001771   Data          16  key.o(.bss)
    .bss                                     0x200017ac   Section       96  libspace.o(.bss)
    HEAP                                     0x20001810   Section      512  startup_stm32l1xx_md.o(HEAP)
    Heap_Mem                                 0x20001810   Data         512  startup_stm32l1xx_md.o(HEAP)
    STACK                                    0x20001a10   Section     2048  startup_stm32l1xx_md.o(STACK)
    Stack_Mem                                0x20001a10   Data        2048  startup_stm32l1xx_md.o(STACK)
    __initial_sp                             0x20002210   Data           0  startup_stm32l1xx_md.o(STACK)

    Global Symbols

    Symbol Name                              Value     Ov Type        Size  Object(Section)

    BuildAttributes$$THM_ISAv4$P$D$K$B$S$PE$A:L22UL41UL21$X:L11$S22US41US21$IEEE1$IW$USESV6$~STKCKD$USESV7$~SHL$OSPACE$ROPI$EBA8$UX$STANDARDLIB$REQ8$PRES8$EABIv2 0x00000000   Number         0  anon$$obj.o ABSOLUTE
    __ARM_use_no_argv                        0x00000000   Number         0  main.o ABSOLUTE
    __ARM_exceptions_init                     - Undefined Weak Reference
    __alloca_initialize                       - Undefined Weak Reference
    __arm_preinit_                            - Undefined Weak Reference
    __cpp_initialize__aeabi_                  - Undefined Weak Reference
    __cxa_finalize                            - Undefined Weak Reference
    __rt_locale                               - Undefined Weak Reference
    __sigvec_lookup                           - Undefined Weak Reference
    _atexit_init                              - Undefined Weak Reference
    _call_atexit_fns                          - Undefined Weak Reference
    _clock_init                               - Undefined Weak Reference
    _fp_trap_init                             - Undefined Weak Reference
    _fp_trap_shutdown                         - Undefined Weak Reference
    _get_lc_collate                           - Undefined Weak Reference
    _get_lc_ctype                             - Undefined Weak Reference
    _get_lc_monetary                          - Undefined Weak Reference
    _get_lc_numeric                           - Undefined Weak Reference
    _get_lc_time                              - Undefined Weak Reference
    _getenv_init                              - Undefined Weak Reference
    _handle_redirection                       - Undefined Weak Reference
    _init_alloc                               - Undefined Weak Reference
    _init_user_alloc                          - Undefined Weak Reference
    _initio                                   - Undefined Weak Reference
    _rand_init                                - Undefined Weak Reference
    _signal_finish                            - Undefined Weak Reference
    _signal_init                              - Undefined Weak Reference
    _terminate_alloc                          - Undefined Weak Reference
    _terminate_user_alloc                     - Undefined Weak Reference
    _terminateio                              - Undefined Weak Reference
    __Vectors_Size                           0x000000f4   Number         0  startup_stm32l1xx_md.o ABSOLUTE
    __Vectors                                0x08000800   Data           4  startup_stm32l1xx_md.o(RESET)
    __Vectors_End                            0x080008f4   Data           0  startup_stm32l1xx_md.o(RESET)
    __main                                   0x080008f5   Thumb Code     8  __main.o(!!!main)
    __scatterload                            0x080008fd   Thumb Code     0  __scatter.o(!!!scatter)
    __scatterload_rt2                        0x080008fd   Thumb Code    44  __scatter.o(!!!scatter)
    __scatterload_rt2_thumb_only             0x080008fd   Thumb Code     0  __scatter.o(!!!scatter)
    __scatterload_null                       0x0800090b   Thumb Code     0  __scatter.o(!!!scatter)
    __decompress                             0x08000931   Thumb Code    90  __dczerorl2.o(!!dczerorl2)
    __decompress1                            0x08000931   Thumb Code     0  __dczerorl2.o(!!dczerorl2)
    __scatterload_zeroinit                   0x0800098d   Thumb Code    28  __scatter_zi.o(!!handler_zi)
    __rt_lib_init                            0x080009a9   Thumb Code     0  libinit.o(.ARM.Collect$$libinit$$00000000)
    __rt_lib_init_alloca_1                   0x080009ab   Thumb Code     0  libinit2.o(.ARM.Collect$$libinit$$0000002E)
    __rt_lib_init_argv_1                     0x080009ab   Thumb Code     0  libinit2.o(.ARM.Collect$$libinit$$0000002C)
    __rt_lib_init_atexit_1                   0x080009ab   Thumb Code     0  libinit2.o(.ARM.Collect$$libinit$$0000001B)
    __rt_lib_init_clock_1                    0x080009ab   Thumb Code     0  libinit2.o(.ARM.Collect$$libinit$$00000021)
    __rt_lib_init_cpp_1                      0x080009ab   Thumb Code     0  libinit2.o(.ARM.Collect$$libinit$$00000032)
    __rt_lib_init_exceptions_1               0x080009ab   Thumb Code     0  libinit2.o(.ARM.Collect$$libinit$$00000030)
    __rt_lib_init_fp_1                       0x080009ab   Thumb Code     0  libinit2.o(.ARM.Collect$$libinit$$00000002)
    __rt_lib_init_fp_trap_1                  0x080009ab   Thumb Code     0  libinit2.o(.ARM.Collect$$libinit$$0000001F)
    __rt_lib_init_getenv_1                   0x080009ab   Thumb Code     0  libinit2.o(.ARM.Collect$$libinit$$00000023)
    __rt_lib_init_heap_1                     0x080009ab   Thumb Code     0  libinit2.o(.ARM.Collect$$libinit$$0000000A)
    __rt_lib_init_lc_collate_1               0x080009ab   Thumb Code     0  libinit2.o(.ARM.Collect$$libinit$$00000011)
    __rt_lib_init_lc_ctype_1                 0x080009ab   Thumb Code     0  libinit2.o(.ARM.Collect$$libinit$$00000013)
    __rt_lib_init_lc_monetary_1              0x080009ab   Thumb Code     0  libinit2.o(.ARM.Collect$$libinit$$00000015)
    __rt_lib_init_lc_numeric_1               0x080009ab   Thumb Code     0  libinit2.o(.ARM.Collect$$libinit$$00000017)
    __rt_lib_init_lc_time_1                  0x080009ab   Thumb Code     0  libinit2.o(.ARM.Collect$$libinit$$00000019)
    __rt_lib_init_preinit_1                  0x080009ab   Thumb Code     0  libinit2.o(.ARM.Collect$$libinit$$00000004)
    __rt_lib_init_rand_1                     0x080009ab   Thumb Code     0  libinit2.o(.ARM.Collect$$libinit$$0000000E)
    __rt_lib_init_return                     0x080009ab   Thumb Code     0  libinit2.o(.ARM.Collect$$libinit$$00000033)
    __rt_lib_init_signal_1                   0x080009ab   Thumb Code     0  libinit2.o(.ARM.Collect$$libinit$$0000001D)
    __rt_lib_init_stdio_1                    0x080009ab   Thumb Code     0  libinit2.o(.ARM.Collect$$libinit$$00000025)
    __rt_lib_init_user_alloc_1               0x080009ab   Thumb Code     0  libinit2.o(.ARM.Collect$$libinit$$0000000C)
    __rt_lib_shutdown                        0x080009ad   Thumb Code     0  libshutdown.o(.ARM.Collect$$libshutdown$$00000000)
    __rt_lib_shutdown_cpp_1                  0x080009af   Thumb Code     0  libshutdown2.o(.ARM.Collect$$libshutdown$$00000002)
    __rt_lib_shutdown_fp_trap_1              0x080009af   Thumb Code     0  libshutdown2.o(.ARM.Collect$$libshutdown$$00000007)
    __rt_lib_shutdown_heap_1                 0x080009af   Thumb Code     0  libshutdown2.o(.ARM.Collect$$libshutdown$$0000000F)
    __rt_lib_shutdown_return                 0x080009af   Thumb Code     0  libshutdown2.o(.ARM.Collect$$libshutdown$$00000010)
    __rt_lib_shutdown_signal_1               0x080009af   Thumb Code     0  libshutdown2.o(.ARM.Collect$$libshutdown$$0000000A)
    __rt_lib_shutdown_stdio_1                0x080009af   Thumb Code     0  libshutdown2.o(.ARM.Collect$$libshutdown$$00000004)
    __rt_lib_shutdown_user_alloc_1           0x080009af   Thumb Code     0  libshutdown2.o(.ARM.Collect$$libshutdown$$0000000C)
    __rt_entry                               0x080009b1   Thumb Code     0  __rtentry.o(.ARM.Collect$$rtentry$$00000000)
    __rt_entry_presh_1                       0x080009b1   Thumb Code     0  __rtentry2.o(.ARM.Collect$$rtentry$$00000002)
    __rt_entry_sh                            0x080009b1   Thumb Code     0  __rtentry4.o(.ARM.Collect$$rtentry$$00000004)
    __rt_entry_li                            0x080009b7   Thumb Code     0  __rtentry2.o(.ARM.Collect$$rtentry$$0000000A)
    __rt_entry_postsh_1                      0x080009b7   Thumb Code     0  __rtentry2.o(.ARM.Collect$$rtentry$$00000009)
    __rt_entry_main                          0x080009bb   Thumb Code     0  __rtentry2.o(.ARM.Collect$$rtentry$$0000000D)
    __rt_entry_postli_1                      0x080009bb   Thumb Code     0  __rtentry2.o(.ARM.Collect$$rtentry$$0000000C)
    __rt_exit                                0x080009c3   Thumb Code     0  rtexit.o(.ARM.Collect$$rtexit$$00000000)
    __rt_exit_ls                             0x080009c5   Thumb Code     0  rtexit2.o(.ARM.Collect$$rtexit$$00000003)
    __rt_exit_prels_1                        0x080009c5   Thumb Code     0  rtexit2.o(.ARM.Collect$$rtexit$$00000002)
    __rt_exit_exit                           0x080009c9   Thumb Code     0  rtexit2.o(.ARM.Collect$$rtexit$$00000004)
    DisableIRQ                               0x080009d1   Thumb Code     4  sys.o(.emb_text)
    EnableIRQ                                0x080009d5   Thumb Code     4  sys.o(.emb_text)
    WFI_SET                                  0x080009d9   Thumb Code     2  sys.o(.emb_text)
    INTX_DISABLE                             0x080009db   Thumb Code     2  sys.o(.emb_text)
    INTX_ENABLE                              0x080009dd   Thumb Code     2  sys.o(.emb_text)
    Set_MSP                                  0x080009df   Thumb Code     6  sys.o(.emb_text)
    CPU_SR_Restore                           0x080009e5   Thumb Code     6  sys.o(.emb_text)
    CPU_SR_Save                              0x080009eb   Thumb Code     8  sys.o(.emb_text)
    Reset_Handler                            0x080009f5   Thumb Code     8  startup_stm32l1xx_md.o(.text)
    NMI_Handler                              0x080009fd   Thumb Code     2  startup_stm32l1xx_md.o(.text)
    HardFault_Handler                        0x080009ff   Thumb Code     2  startup_stm32l1xx_md.o(.text)
    MemManage_Handler                        0x08000a01   Thumb Code     2  startup_stm32l1xx_md.o(.text)
    BusFault_Handler                         0x08000a03   Thumb Code     2  startup_stm32l1xx_md.o(.text)
    UsageFault_Handler                       0x08000a05   Thumb Code     2  startup_stm32l1xx_md.o(.text)
    SVC_Handler                              0x08000a07   Thumb Code     2  startup_stm32l1xx_md.o(.text)
    DebugMon_Handler                         0x08000a09   Thumb Code     2  startup_stm32l1xx_md.o(.text)
    PendSV_Handler                           0x08000a0b   Thumb Code     2  startup_stm32l1xx_md.o(.text)
    ADC1_IRQHandler                          0x08000a0f   Thumb Code     0  startup_stm32l1xx_md.o(.text)
    COMP_IRQHandler                          0x08000a0f   Thumb Code     0  startup_stm32l1xx_md.o(.text)
    DAC_IRQHandler                           0x08000a0f   Thumb Code     0  startup_stm32l1xx_md.o(.text)
    DMA1_Channel1_IRQHandler                 0x08000a0f   Thumb Code     0  startup_stm32l1xx_md.o(.text)
    DMA1_Channel2_IRQHandler                 0x08000a0f   Thumb Code     0  startup_stm32l1xx_md.o(.text)
    DMA1_Channel3_IRQHandler                 0x08000a0f   Thumb Code     0  startup_stm32l1xx_md.o(.text)
    DMA1_Channel4_IRQHandler                 0x08000a0f   Thumb Code     0  startup_stm32l1xx_md.o(.text)
    DMA1_Channel5_IRQHandler                 0x08000a0f   Thumb Code     0  startup_stm32l1xx_md.o(.text)
    DMA1_Channel6_IRQHandler                 0x08000a0f   Thumb Code     0  startup_stm32l1xx_md.o(.text)
    DMA1_Channel7_IRQHandler                 0x08000a0f   Thumb Code     0  startup_stm32l1xx_md.o(.text)
    EXTI1_IRQHandler                         0x08000a0f   Thumb Code     0  startup_stm32l1xx_md.o(.text)
    EXTI2_IRQHandler                         0x08000a0f   Thumb Code     0  startup_stm32l1xx_md.o(.text)
    EXTI3_IRQHandler                         0x08000a0f   Thumb Code     0  startup_stm32l1xx_md.o(.text)
    EXTI4_IRQHandler                         0x08000a0f   Thumb Code     0  startup_stm32l1xx_md.o(.text)
    EXTI9_5_IRQHandler                       0x08000a0f   Thumb Code     0  startup_stm32l1xx_md.o(.text)
    FLASH_IRQHandler                         0x08000a0f   Thumb Code     0  startup_stm32l1xx_md.o(.text)
    I2C1_ER_IRQHandler                       0x08000a0f   Thumb Code     0  startup_stm32l1xx_md.o(.text)
    I2C1_EV_IRQHandler                       0x08000a0f   Thumb Code     0  startup_stm32l1xx_md.o(.text)
    I2C2_ER_IRQHandler                       0x08000a0f   Thumb Code     0  startup_stm32l1xx_md.o(.text)
    I2C2_EV_IRQHandler                       0x08000a0f   Thumb Code     0  startup_stm32l1xx_md.o(.text)
    LCD_IRQHandler                           0x08000a0f   Thumb Code     0  startup_stm32l1xx_md.o(.text)
    PVD_IRQHandler                           0x08000a0f   Thumb Code     0  startup_stm32l1xx_md.o(.text)
    RCC_IRQHandler                           0x08000a0f   Thumb Code     0  startup_stm32l1xx_md.o(.text)
    RTC_Alarm_IRQHandler                     0x08000a0f   Thumb Code     0  startup_stm32l1xx_md.o(.text)
    RTC_WKUP_IRQHandler                      0x08000a0f   Thumb Code     0  startup_stm32l1xx_md.o(.text)
    SPI1_IRQHandler                          0x08000a0f   Thumb Code     0  startup_stm32l1xx_md.o(.text)
    SPI2_IRQHandler                          0x08000a0f   Thumb Code     0  startup_stm32l1xx_md.o(.text)
    TAMPER_STAMP_IRQHandler                  0x08000a0f   Thumb Code     0  startup_stm32l1xx_md.o(.text)
    TIM10_IRQHandler                         0x08000a0f   Thumb Code     0  startup_stm32l1xx_md.o(.text)
    TIM11_IRQHandler                         0x08000a0f   Thumb Code     0  startup_stm32l1xx_md.o(.text)
    TIM3_IRQHandler                          0x08000a0f   Thumb Code     0  startup_stm32l1xx_md.o(.text)
    TIM4_IRQHandler                          0x08000a0f   Thumb Code     0  startup_stm32l1xx_md.o(.text)
    TIM6_IRQHandler                          0x08000a0f   Thumb Code     0  startup_stm32l1xx_md.o(.text)
    TIM7_IRQHandler                          0x08000a0f   Thumb Code     0  startup_stm32l1xx_md.o(.text)
    TIM9_IRQHandler                          0x08000a0f   Thumb Code     0  startup_stm32l1xx_md.o(.text)
    USART2_IRQHandler                        0x08000a0f   Thumb Code     0  startup_stm32l1xx_md.o(.text)
    USART3_IRQHandler                        0x08000a0f   Thumb Code     0  startup_stm32l1xx_md.o(.text)
    USB_FS_WKUP_IRQHandler                   0x08000a0f   Thumb Code     0  startup_stm32l1xx_md.o(.text)
    USB_HP_IRQHandler                        0x08000a0f   Thumb Code     0  startup_stm32l1xx_md.o(.text)
    USB_LP_IRQHandler                        0x08000a0f   Thumb Code     0  startup_stm32l1xx_md.o(.text)
    WWDG_IRQHandler                          0x08000a0f   Thumb Code     0  startup_stm32l1xx_md.o(.text)
    __user_initial_stackheap                 0x08000a11   Thumb Code     0  startup_stm32l1xx_md.o(.text)
    SystemInit                               0x08000b37   Thumb Code    88  system_stm32l1xx.o(.text)
    SystemCoreClockUpdate                    0x08000b8f   Thumb Code   204  system_stm32l1xx.o(.text)
    memcpy                                   0x08000c8d   Thumb Code    28  bestfulib.o(.text)
    memcmp                                   0x08000ca9   Thumb Code    40  bestfulib.o(.text)
    memset                                   0x08000cd1   Thumb Code    18  bestfulib.o(.text)
    memmove                                  0x08000ce3   Thumb Code    58  bestfulib.o(.text)
    memfind                                  0x08000d1d   Thumb Code    64  bestfulib.o(.text)
    memcharget                               0x08000d5d   Thumb Code    48  bestfulib.o(.text)
    Process_FIFOData                         0x08000da9   Thumb Code   106  cmdprocess.o(.text)
    Msg_Execute                              0x08000e4f   Thumb Code   210  cmdprocess.o(.text)
    Msg_Change                               0x08000f97   Thumb Code    32  cmdprocess.o(.text)
    FIFOInit                                 0x08000fb7   Thumb Code    72  cmdprocess.o(.text)
    ProcessSend_Fun                          0x08000fff   Thumb Code     8  cmdprocess.o(.text)
    cmd_get                                  0x08001039   Thumb Code   232  command.o(.text)
    cmd_put                                  0x08001121   Thumb Code   124  command.o(.text)
    ChkCrcValue                              0x080011a5   Thumb Code    52  crc.o(.text)
    ChkCrcValueEx                            0x080011d9   Thumb Code    56  crc.o(.text)
    delay_us                                 0x08001215   Thumb Code    24  delay.o(.text)
    delay_ms                                 0x0800122d   Thumb Code    28  delay.o(.text)
    ReadDataFromEEPROM                       0x08001249   Thumb Code   120  eeprom.o(.text)
    WriteDataToEEPROM                        0x080012c1   Thumb Code   120  eeprom.o(.text)
    WriteDataToEEPROMEx                      0x08001339   Thumb Code   118  eeprom.o(.text)
    Fault_Upload                             0x080013b1   Thumb Code    74  faultmanage.o(.text)
    fifo_Init                                0x08001401   Thumb Code    26  fifo.o(.text)
    fifo_Rst                                 0x0800141b   Thumb Code    18  fifo.o(.text)
    fifo_empty                               0x0800142d   Thumb Code    18  fifo.o(.text)
    fifo_validSize                           0x0800147f   Thumb Code    30  fifo.o(.text)
    fifo_puts                                0x0800149d   Thumb Code   106  fifo.o(.text)
    fifo_gets                                0x08001507   Thumb Code   124  fifo.o(.text)
    fifo_putc                                0x08001583   Thumb Code    60  fifo.o(.text)
    fifo_getc                                0x080015bf   Thumb Code    62  fifo.o(.text)
    fifo_find                                0x080015fd   Thumb Code    92  fifo.o(.text)
    fifo_cmp                                 0x08001659   Thumb Code    62  fifo.o(.text)
    Set_IAPReady_Attr                        0x08001699   Thumb Code   182  flashattr.o(.text)
    Set_IAPPackSave_Attr                     0x0800174f   Thumb Code    66  flashattr.o(.text)
    Get_IAPPackCheck_Attr                    0x08001791   Thumb Code    66  flashattr.o(.text)
    Set_IAPDataCRC_Attr                      0x080017d3   Thumb Code   104  flashattr.o(.text)
    Set_433Channel_Attr                      0x0800183b   Thumb Code    70  flashattr.o(.text)
    Get_433Channel_Attr                      0x08001881   Thumb Code    20  flashattr.o(.text)
    PropFifoInit                             0x080018b9   Thumb Code    14  linkscanfifo.o(.text)
    PropChangeScanAndExe                     0x080018c7   Thumb Code    46  linkscanfifo.o(.text)
    PropEventFifo                            0x080018f5   Thumb Code    80  linkscanfifo.o(.text)
    ALinkClr                                 0x08001951   Thumb Code    62  linksimplest.o(.text)
    ALinkInit                                0x0800198f   Thumb Code    42  linksimplest.o(.text)
    ChkALinkIsExist                          0x080019b9   Thumb Code    90  linksimplest.o(.text)
    GetALinkNum                              0x08001a13   Thumb Code    80  linksimplest.o(.text)
    QueryALink                               0x08001a63   Thumb Code    50  linksimplest.o(.text)
    CheckALinkFull                           0x08001a95   Thumb Code    18  linksimplest.o(.text)
    ReadALink                                0x08001aa7   Thumb Code    50  linksimplest.o(.text)
    WriteALink                               0x08001ad9   Thumb Code   148  linksimplest.o(.text)
    DelALink                                 0x08001b6d   Thumb Code   234  linksimplest.o(.text)
    LinkInit                                 0x08001c61   Thumb Code     8  linksrc.o(.text)
    LinkClr                                  0x08001c69   Thumb Code     8  linksrc.o(.text)
    CmpSampAndLinkValue                      0x08001c71   Thumb Code   130  linksrc.o(.text)
    GetConditionReverse                      0x08001cf3   Thumb Code    56  linksrc.o(.text)
    GetConditionOffset                       0x08001d2b   Thumb Code    78  linksrc.o(.text)
    LinkSrcExe                               0x08001d79   Thumb Code   300  linksrc.o(.text)
    CheckLinkFull                            0x08001ea9   Thumb Code    18  linkwrdc.o(.text)
    QueryLink                                0x08001ebb   Thumb Code    22  linkwrdc.o(.text)
    QueryAllLinkFromTable                    0x08001ed1   Thumb Code    64  linkwrdc.o(.text)
    ReadLinkFromTable                        0x08001f11   Thumb Code    34  linkwrdc.o(.text)
    WriteLinkToTable                         0x08001f33   Thumb Code    62  linkwrdc.o(.text)
    DelAllLinkFromTable                      0x08001f71   Thumb Code    46  linkwrdc.o(.text)
    DelLinkFromTable                         0x08001f9f   Thumb Code    30  linkwrdc.o(.text)
    ChkLinkIsExist                           0x08001fbd   Thumb Code    26  linkwrdc.o(.text)
    GetLinkNum                               0x08001fd7   Thumb Code    22  linkwrdc.o(.text)
    WriteLinkItem                            0x08001fed   Thumb Code    94  linkwrdc.o(.text)
    ModifyLinkItem                           0x0800204b   Thumb Code    60  linkwrdc.o(.text)
    ReadLinkItem                             0x08002087   Thumb Code    48  linkwrdc.o(.text)
    QueryLinkItem                            0x080020b7   Thumb Code    56  linkwrdc.o(.text)
    DelLinkItem                              0x080020ef   Thumb Code    46  linkwrdc.o(.text)
    DelLinkForUnit                           0x0800211d   Thumb Code   124  linkwrdc.o(.text)
    DelLinkForPropIDandVal                   0x08002199   Thumb Code    68  linkwrdc.o(.text)
    SaveSerialNum                            0x080021e1   Thumb Code    12  msgpackage.o(.text)
    Msg_Feedback                             0x080021ed   Thumb Code   176  msgpackage.o(.text)
    Msg_UploadUnit                           0x080022e7   Thumb Code    62  msgpackage.o(.text)
    Msg_Upload                               0x08002325   Thumb Code    58  msgpackage.o(.text)
    Msg_Send                                 0x0800235f   Thumb Code    68  msgpackage.o(.text)
    Check_Area                               0x080023b1   Thumb Code   108  object.o(.text)
    Object_Check                             0x080024d7   Thumb Code  1154  object.o(.text)
    Set_Scene_Attr                           0x08002961   Thumb Code   398  scene&group.o(.text)
    Get_Scene_Attr                           0x08002aef   Thumb Code   104  scene&group.o(.text)
    Set_Group_Attr                           0x08002b57   Thumb Code   364  scene&group.o(.text)
    Get_Group_Attr                           0x08002cc3   Thumb Code    94  scene&group.o(.text)
    Sign433_SendTestFrame                    0x08002d21   Thumb Code    82  sign433.o(.text)
    Sign433_SendTestFrameStream              0x08002d73   Thumb Code    28  sign433.o(.text)
    ClearRecTestStatus                       0x08002d8f   Thumb Code    10  sign433.o(.text)
    Sign433_SendTestReport                   0x08002d99   Thumb Code    54  sign433.o(.text)
    Set_Sign433_StartSendFrame_Attr          0x08002dd9   Thumb Code    70  sign433attr.o(.text)
    Get_Sign433_MasterAddr                   0x08002e1f   Thumb Code     6  sign433attr.o(.text)
    Get_Sign433_TestPackNum                  0x08002e25   Thumb Code     6  sign433attr.o(.text)
    Get_Sign433_StartSendFrame_Attr          0x08002e2b   Thumb Code    46  sign433attr.o(.text)
    Set_Sign433_StartRecFrame_Attr           0x08002e59   Thumb Code   100  sign433attr.o(.text)
    Get_Sign433_StartRecFrame_Attr           0x08002ebd   Thumb Code    46  sign433attr.o(.text)
    Set_Sign433_RecFrameStream_Attr          0x08002eeb   Thumb Code    66  sign433attr.o(.text)
    Get_DeviceThreshold_Attr                 0x08002f2d   Thumb Code    22  sign433attr.o(.text)
    Set_Sign433_TestState_Attr               0x08002f43   Thumb Code    20  sign433attr.o(.text)
    Get_Sign433_TestState_Attr               0x08002f57   Thumb Code    16  sign433attr.o(.text)
    Upload_RESTART                           0x08002f81   Thumb Code    10  sysexeattr.o(.text)
    SysAttr_Init                             0x08002f8b   Thumb Code    48  sysexeattr.o(.text)
    Get_Version_Attr                         0x08002fbb   Thumb Code   104  sysexeattr.o(.text)
    Get_DeviceType_Attr                      0x08003023   Thumb Code    76  sysexeattr.o(.text)
    Set_UserID_Attr                          0x0800306f   Thumb Code    42  sysexeattr.o(.text)
    Get_UserID_Attr                          0x08003099   Thumb Code    16  sysexeattr.o(.text)
    Get_DeviceAddr_Attr                      0x080030a9   Thumb Code    16  sysexeattr.o(.text)
    Set_CmdAckNum_Attr                       0x080030b9   Thumb Code    42  sysexeattr.o(.text)
    Get_CmdAckNum_Attr                       0x080030e3   Thumb Code    14  sysexeattr.o(.text)
    Set_RepeatBandAddr_Attr                  0x080030f1   Thumb Code   138  sysexeattr.o(.text)
    Get_RepeatBandAddr_Attr                  0x0800317b   Thumb Code   138  sysexeattr.o(.text)
    Set_RepeatBroadcast_Attr                 0x08003205   Thumb Code    36  sysexeattr.o(.text)
    Get_RepeatBroadcast_Attr                 0x08003229   Thumb Code    22  sysexeattr.o(.text)
    Set_UnitArea_Attr                        0x0800323f   Thumb Code   112  sysexeattr.o(.text)
    Get_UnitArea_Attr                        0x080032af   Thumb Code   100  sysexeattr.o(.text)
    Set_UnitType_Attr                        0x08003313   Thumb Code   120  sysexeattr.o(.text)
    Get_UnitType_Attr                        0x0800338b   Thumb Code   116  sysexeattr.o(.text)
    Set_CommonType_Attr                      0x080033ff   Thumb Code   120  sysexeattr.o(.text)
    Get_CommonType_Attr                      0x08003477   Thumb Code   104  sysexeattr.o(.text)
    Set_UnitAble_Attr                        0x080034df   Thumb Code   120  sysexeattr.o(.text)
    Get_UnitAble_Attr                        0x08003557   Thumb Code   104  sysexeattr.o(.text)
    Get_Eeprom_Info_Attr                     0x080035bf   Thumb Code    82  sysexeattr.o(.text)
    Set_FaultFlag_Attr                       0x08003611   Thumb Code    36  sysexeattr.o(.text)
    Get_FaultFlag_Attr                       0x08003635   Thumb Code    20  sysexeattr.o(.text)
    Set_UserDataFormat_Attr                  0x08003649   Thumb Code    94  sysexeattr.o(.text)
    Set_Link_Attr                            0x080036a7   Thumb Code    98  sysexeattr.o(.text)
    Get_Link_Attr                            0x08003709   Thumb Code    68  sysexeattr.o(.text)
    Set_DelLinkForUnit_Attr                  0x0800374d   Thumb Code    40  sysexeattr.o(.text)
    Get_ResetAddr_Attr                       0x08003775   Thumb Code   132  sysexeattr.o(.text)
    Set_ResetAddr_Attr                       0x080037f9   Thumb Code   264  sysexeattr.o(.text)
    SI4432Test_Fail                          0x08003919   Thumb Code    16  systestattr.o(.text)
    SI4432Test_Attr                          0x08003929   Thumb Code    68  systestattr.o(.text)
    Thread_Init                              0x0800397d   Thumb Code     8  thread.o(.text)
    Thread_Wake                              0x080039ad   Thumb Code   132  thread.o(.text)
    Thread_Login                             0x08003a31   Thumb Code   228  thread.o(.text)
    Thread_Logout                            0x08003b15   Thumb Code    94  thread.o(.text)
    Thread_Hang                              0x08003b73   Thumb Code   108  thread.o(.text)
    Thread_Process                           0x08003bdf   Thumb Code   100  thread.o(.text)
    Thread_RunCheck                          0x08003c43   Thumb Code    44  thread.o(.text)
    Thread_Query                             0x08003c6f   Thumb Code    48  thread.o(.text)
    Set_ManyUnit_Attr                        0x08003ca5   Thumb Code   102  unitshare_attr.o(.text)
    Get_ManyUnit_Attr                        0x08003d0b   Thumb Code   310  unitshare_attr.o(.text)
    Set_UnitChecking_Attr                    0x08003e41   Thumb Code   110  unitshare_attr.o(.text)
    Updata_Check                             0x08003eb9   Thumb Code    22  updata.o(.text)
    Updata_Ready                             0x08003ecf   Thumb Code   142  updata.o(.text)
    Updata_PackProcess                       0x08003f5d   Thumb Code   112  updata.o(.text)
    Updata_PackCheck                         0x08003fcd   Thumb Code    76  updata.o(.text)
    Updata_Calibrate                         0x08004019   Thumb Code    30  updata.o(.text)
    Updata_Channel                           0x08004037   Thumb Code    86  updata.o(.text)
    Channel_Get                              0x0800408d   Thumb Code    52  updata.o(.text)
    Updata_Flag                              0x080040c1   Thumb Code    38  updata.o(.text)
    PartionChange                            0x080040e7   Thumb Code   226  updata.o(.text)
    Upload_Fault                             0x08004201   Thumb Code    34  upload.o(.text)
    Upload_Attr                              0x08004223   Thumb Code    56  upload.o(.text)
    Upload                                   0x0800425b   Thumb Code    46  upload.o(.text)
    SceneEEPROM_Init                         0x080042a1   Thumb Code    42  userdata.o(.text)
    GroupEEPROMUnit_Init                     0x080042cb   Thumb Code    54  userdata.o(.text)
    GroupEEPROM_Init                         0x08004301   Thumb Code    26  userdata.o(.text)
    UnitPrivateEEPROMUnitData_Init           0x0800431b   Thumb Code    28  userdata.o(.text)
    UnitPrivateEEPROMData_Init               0x08004337   Thumb Code    26  userdata.o(.text)
    UnitPublicEEPROMUnitData_Init            0x08004351   Thumb Code    62  userdata.o(.text)
    UnitPublicEEPROMData_Init                0x0800438f   Thumb Code    26  userdata.o(.text)
    SysEEPROMData_Init                       0x080043a9   Thumb Code    58  userdata.o(.text)
    UserEEPROMData_Init                      0x080043e3   Thumb Code    54  userdata.o(.text)
    FaultData_Init                           0x08004419   Thumb Code    14  userdata.o(.text)
    UserData_Init                            0x08004427   Thumb Code    92  userdata.o(.text)
    FaultData_Save                           0x08004483   Thumb Code    32  userdata.o(.text)
    FaultData_Get                            0x080044a3   Thumb Code    22  userdata.o(.text)
    SysEEPROMData_Set                        0x080044b9   Thumb Code    24  userdata.o(.text)
    UnitPublicEEPROMData_Get                 0x080044d1   Thumb Code    36  userdata.o(.text)
    UnitPublicEEPROMData_Set                 0x080044f5   Thumb Code    32  userdata.o(.text)
    GroupEEPROM_Clr                          0x08004515   Thumb Code   220  userdata.o(.text)
    GroupEEPROM_Set                          0x080045f1   Thumb Code   232  userdata.o(.text)
    GroupEEPROM_Get                          0x080046d9   Thumb Code   114  userdata.o(.text)
    SceneEEPROMUnit_Init                     0x08004797   Thumb Code    72  userdata.o(.text)
    SceneEEPROM_Clr                          0x080047df   Thumb Code    84  userdata.o(.text)
    SceneEEPROM_Set                          0x08004917   Thumb Code   144  userdata.o(.text)
    SceneEEPROM_Get                          0x080049a7   Thumb Code    76  userdata.o(.text)
    EEPROM_Write                             0x080049f3   Thumb Code    46  userdata.o(.text)
    EEPROM_Read                              0x08004a21   Thumb Code    46  userdata.o(.text)
    UserDataDownload_Init                    0x08004a55   Thumb Code    20  userdatadownload.o(.text)
    UserDataDownload_Ready                   0x08004a69   Thumb Code   244  userdatadownload.o(.text)
    UserDataFrame_Save                       0x08004b5d   Thumb Code   134  userdatadownload.o(.text)
    UserDataFrame_Check                      0x08004be3   Thumb Code    78  userdatadownload.o(.text)
    DeviceResetCheck_Init                    0x08004c5d   Thumb Code     2  devicereset.o(.text)
    DATA_EEPROM_Unlock                       0x08004c61   Thumb Code    24  flash.o(.text)
    Flash_Unlock                             0x08004c79   Thumb Code    30  flash.o(.text)
    Flash_lock                               0x08004c97   Thumb Code    14  flash.o(.text)
    FLASH_ErasePage                          0x08004cfb   Thumb Code    86  flash.o(.text)
    Flash_Write                              0x08004d51   Thumb Code    58  flash.o(.text)
    Get_UniqueDeviceID                       0x08004d8b   Thumb Code    20  flash.o(.text)
    GPIOx_Cfg                                0x08004db9   Thumb Code   144  gpio.o(.text)
    GPIOx_AF                                 0x08004e49   Thumb Code    92  gpio.o(.text)
    GPIOx_Set                                0x08004ea5   Thumb Code    20  gpio.o(.text)
    GPIOx_Rst                                0x08004eb9   Thumb Code    14  gpio.o(.text)
    GPIOx_Rvrs                               0x08004ec7   Thumb Code    14  gpio.o(.text)
    GPIOx_Get                                0x08004ed5   Thumb Code    14  gpio.o(.text)
    I2C_Init                                 0x08004f07   Thumb Code    22  i2c.o(.text)
    IIC_GetState                             0x0800512d   Thumb Code    40  i2c.o(.text)
    IIC_Read                                 0x08005155   Thumb Code   102  i2c.o(.text)
    IIC_Write                                0x080051bb   Thumb Code    80  i2c.o(.text)
    IIC_WriteSame                            0x0800520b   Thumb Code    78  i2c.o(.text)
    Instruct_Init                            0x08005259   Thumb Code     2  instruct.o(.text)
    Instruct                                 0x0800525b   Thumb Code     2  instruct.o(.text)
    Instruct_Run                             0x0800525d   Thumb Code     2  instruct.o(.text)
    Program_Erase                            0x08005261   Thumb Code    62  program.o(.text)
    Program_Write                            0x0800529f   Thumb Code    48  program.o(.text)
    Program_Read                             0x080052cf   Thumb Code    22  program.o(.text)
    Program_Read_Ext                         0x080052e5   Thumb Code    26  program.o(.text)
    Program_Write_Ext                        0x080052ff   Thumb Code   232  program.o(.text)
    FlashEncryptionInit                      0x080053e7   Thumb Code   110  program.o(.text)
    Flash_DefaultValue                       0x08005455   Thumb Code     4  program.o(.text)
    SetRecTestStatus                         0x08005479   Thumb Code    14  si4432.o(.text)
    GetRSSIPara                              0x08005487   Thumb Code     4  si4432.o(.text)
    GetThresholdPara                         0x0800548b   Thumb Code     6  si4432.o(.text)
    Si4432_Idle                              0x08005583   Thumb Code    70  si4432.o(.text)
    Si4432_Init                              0x080056ff   Thumb Code   734  si4432.o(.text)
    EXTI15_10_IRQHandler                     0x08005c49   Thumb Code    20  si4432.o(.text)
    Si4432_Send                              0x08005d37   Thumb Code    60  si4432.o(.text)
    SPI2_Port_Init                           0x08005d8d   Thumb Code    28  spi.o(.text)
    SPI2_ReadWriteByte                       0x08005da9   Thumb Code    86  spi.o(.text)
    SPI2_Init                                0x08005dff   Thumb Code   142  spi.o(.text)
    SPI2_SetSpeed                            0x08005e8d   Thumb Code    42  spi.o(.text)
    MY_NVIC_SetVectorTable                   0x08005ec1   Thumb Code    12  sys.o(.text)
    MY_NVIC_PriorityGroupConfig              0x08005ecd   Thumb Code    36  sys.o(.text)
    MY_NVIC_Init                             0x08005ef1   Thumb Code    68  sys.o(.text)
    Ex_NVIC_Config                           0x08005f35   Thumb Code   144  sys.o(.text)
    MYRCC_DeInit                             0x08005fc5   Thumb Code   112  sys.o(.text)
    Sys_Standby                              0x08006035   Thumb Code    72  sys.o(.text)
    Sys_Soft_Reset                           0x0800607d   Thumb Code    12  sys.o(.text)
    JTAG_Set                                 0x08006089   Thumb Code    18  sys.o(.text)
    Stm32_Clock_Init                         0x0800609b   Thumb Code   154  sys.o(.text)
    JumpToCode                               0x08006135   Thumb Code    30  sys.o(.text)
    SysHard_Init                             0x08006185   Thumb Code    26  syshard.o(.text)
    HardID_Check                             0x0800619f   Thumb Code   122  syshard.o(.text)
    HardID_Change                            0x08006219   Thumb Code    96  syshard.o(.text)
    SysTick_Init                             0x08006289   Thumb Code    42  systick.o(.text)
    Time_Get                                 0x080062b3   Thumb Code     6  systick.o(.text)
    UpdateRandomTime                         0x080062b9   Thumb Code    10  systick.o(.text)
    GetRandomTime                            0x080062c3   Thumb Code     6  systick.o(.text)
    SysTick_Handler                          0x080062c9   Thumb Code    34  systick.o(.text)
    Test_Init                                0x080062f9   Thumb Code    28  test.o(.text)
    UART_Init                                0x08006319   Thumb Code   150  usart.o(.text)
    UART_Write                               0x080063af   Thumb Code    50  usart.o(.text)
    UART_Send                                0x080063e1   Thumb Code    44  usart.o(.text)
    USART1_IRQHandler                        0x0800640d   Thumb Code    30  usart.o(.text)
    WDG_Feed                                 0x0800643d   Thumb Code    10  wdg.o(.text)
    WDG_Init                                 0x08006447   Thumb Code    50  wdg.o(.text)
    WDG_FeedOFF                              0x08006479   Thumb Code    12  wdg.o(.text)
    HardWDGTest_Attr                         0x08006485   Thumb Code     6  wdg.o(.text)
    ADC_TestPowerON                          0x080064cb   Thumb Code    14  adc.o(.text)
    ADC_TestPowerOFF                         0x080064d9   Thumb Code    14  adc.o(.text)
    ADC_Init                                 0x080064e7   Thumb Code   208  adc.o(.text)
    ADC_Read                                 0x080065b7   Thumb Code    64  adc.o(.text)
    ADC_ReadAverage                          0x080065f7   Thumb Code   112  adc.o(.text)
    Battery_GetVoltage                       0x08006679   Thumb Code    60  battery.o(.text)
    Battery_GetPercent                       0x080066b5   Thumb Code   650  battery.o(.text)
    Battery_Show_State                       0x0800694d   Thumb Code   140  batteryexeattr.o(.text)
    Battery_Show                             0x080069d9   Thumb Code    14  batteryexeattr.o(.text)
    Battery_Init                             0x080069e7   Thumb Code    14  batteryexeattr.o(.text)
    Get_PowerPercent_Attr                    0x080069f5   Thumb Code    34  batteryexeattr.o(.text)
    Get_ChargeState_Attr                     0x08006a17   Thumb Code     6  batteryexeattr.o(.text)
    WKUP_PortInit                            0x08006a31   Thumb Code    14  lowpower.o(.text)
    StandbyCountReset                        0x08006a3f   Thumb Code     8  lowpower.o(.text)
    WKUP_GetState                            0x08006a47   Thumb Code    20  lowpower.o(.text)
    Standby_Mode                             0x08006a5b   Thumb Code   156  lowpower.o(.text)
    LowPower_CheckTime                       0x08006af7   Thumb Code    82  lowpower.o(.text)
    EXTI0_IRQHandler                         0x08006b49   Thumb Code     8  lowpower.o(.text)
    FlashSizeFlagInit                        0x08006b79   Thumb Code    10  flashsizeflag.o(.text)
    ComplexTimeNumImportFilter               0x08006c01   Thumb Code   164  importfilter.o(.text)
    main                                     0x08006ca5   Thumb Code    56  main.o(.text)
    UnitCnt_Get                              0x08006ce5   Thumb Code     4  unitcfg.o(.text)
    Unit_Init                                0x08006ce9   Thumb Code    48  unitcfg.o(.text)
    IIC_InitPort                             0x08006d21   Thumb Code    48  iic.o(.text)
    IIC_Start                                0x08006d51   Thumb Code    46  iic.o(.text)
    IIC_Stop                                 0x08006d7f   Thumb Code    40  iic.o(.text)
    IIC_WaitAck                              0x08006da7   Thumb Code   148  iic.o(.text)
    IIC_ACK                                  0x08006e3b   Thumb Code    52  iic.o(.text)
    IIC_NACK                                 0x08006e6f   Thumb Code    46  iic.o(.text)
    IIC_SendByte                             0x08006e9d   Thumb Code    78  iic.o(.text)
    IIC_GetByte                              0x08006eeb   Thumb Code   102  iic.o(.text)
    IIC_WriteByte                            0x08006f51   Thumb Code    46  iic.o(.text)
    IIC_ReadByte                             0x08006f7f   Thumb Code    60  iic.o(.text)
    IIC_WriteDataN                           0x08006fbb   Thumb Code    68  iic.o(.text)
    IIC_ReadDataN                            0x08006fff   Thumb Code    96  iic.o(.text)
    OLED_ClearScreen                         0x08007065   Thumb Code    64  oled.o(.text)
    Init_OLED                                0x080070a5   Thumb Code   296  oled.o(.text)
    OLED_DisplayOn                           0x080071cd   Thumb Code    12  oled.o(.text)
    OLED_DisplayOff                          0x080071d9   Thumb Code    12  oled.o(.text)
    OLED_SetCursor                           0x080071e5   Thumb Code    50  oled.o(.text)
    OLED_SetCursor_Normal                    0x08007217   Thumb Code    46  oled.o(.text)
    OLED_ShowPicture                         0x08007245   Thumb Code    68  oled.o(.text)
    OLED_ShowPicAt                           0x08007289   Thumb Code    78  oled.o(.text)
    OLED_ShowHalfPicAt                       0x080072d7   Thumb Code    82  oled.o(.text)
    OLED_ShowQuartPicAt                      0x08007329   Thumb Code    94  oled.o(.text)
    OLED_Show32x323PicAt                     0x08007387   Thumb Code    94  oled.o(.text)
    OLED_ShowChar                            0x080073e5   Thumb Code    96  oled.o(.text)
    OLED_ShowCN                              0x08007445   Thumb Code   148  oled.o(.text)
    OLED_ShowString                          0x080074d9   Thumb Code    68  oled.o(.text)
    OLED_DrawLine                            0x0800751d   Thumb Code    34  oled.o(.text)
    OLED_ShowNum18x32                        0x0800753f   Thumb Code    70  oled.o(.text)
    WTC6106_Init                             0x08007585   Thumb Code    36  wtc6216.o(.text)
    WTC6106_ReadKey                          0x080075a9   Thumb Code    34  wtc6216.o(.text)
    IWDG_Init                                0x080075d5   Thumb Code    28  iwdg.o(.text)
    IWDG_Feed                                0x080075f1   Thumb Code    10  iwdg.o(.text)
    LED_Init                                 0x08007601   Thumb Code    28  showled.o(.text)
    ShowLED_OpenAll                          0x0800761d   Thumb Code    58  showled.o(.text)
    ShowLED_CloseAll                         0x08007657   Thumb Code    58  showled.o(.text)
    ShowLED_CheckDevice                      0x08007691   Thumb Code    38  showled.o(.text)
    ShowLED_LightON                          0x080076b7   Thumb Code    90  showled.o(.text)
    ShowLED_LightOFF                         0x08007711   Thumb Code    92  showled.o(.text)
    ShowLED_CycleLED                         0x0800776d   Thumb Code     2  showled.o(.text)
    ShowLED_ReverLED                         0x0800776f   Thumb Code    52  showled.o(.text)
    ShowLED_FlashLED                         0x080077a3   Thumb Code    34  showled.o(.text)
    InitQueue                                0x080077d1   Thumb Code    34  queue.o(.text)
    Enqueue                                  0x08007823   Thumb Code   112  queue.o(.text)
    Dequeue                                  0x08007893   Thumb Code    56  queue.o(.text)
    TIMx_Init                                0x080078cd   Thumb Code    78  timx.o(.text)
    TIM2_IRQHandler                          0x0800791b   Thumb Code    36  timx.o(.text)
    Key_Init                                 0x0800797d   Thumb Code    18  key.o(.text)
    KeyTimer_Init                            0x0800798f   Thumb Code    40  key.o(.text)
    Key_Scan                                 0x08007a81   Thumb Code   204  key.o(.text)
    KeyStateScan                             0x08007b4d   Thumb Code    78  key.o(.text)
    Key_Handle                               0x08007cdb   Thumb Code   474  key.o(.text)
    Key_FirstScan                            0x08007eb5   Thumb Code    62  key.o(.text)
    Save_CurrentKeyState                     0x08007ef3   Thumb Code    18  key.o(.text)
    Get_CurrentKeyState                      0x08007f05   Thumb Code    18  key.o(.text)
    Key_UnitAttrNum                          0x08007f2d   Thumb Code     4  keyexeattr.o(.text)
    KeyInit                                  0x08007f31   Thumb Code   420  keyexeattr.o(.text)
    KeyLowPowerHandle                        0x080080d5   Thumb Code    42  keyexeattr.o(.text)
    KeyEepromInit                            0x080080ff   Thumb Code    72  keyexeattr.o(.text)
    Get_TouchKey_Attr                        0x08008147   Thumb Code    20  keyexeattr.o(.text)
    Set_TouchKey_Attr                        0x0800815b   Thumb Code    28  keyexeattr.o(.text)
    Get_TouchKeyStatus_Attr                  0x08008177   Thumb Code    24  keyexeattr.o(.text)
    Set_Password_Attr                        0x0800818f   Thumb Code    44  keyexeattr.o(.text)
    Get_Password_Attr                        0x080081bb   Thumb Code    42  keyexeattr.o(.text)
    KeyChecking_Attr                         0x080081e5   Thumb Code    16  keyexeattr.o(.text)
    __aeabi_memclr4                          0x08008235   Thumb Code     0  rt_memclr_w.o(.text)
    __aeabi_memclr8                          0x08008235   Thumb Code     0  rt_memclr_w.o(.text)
    __rt_memclr_w                            0x08008235   Thumb Code    78  rt_memclr_w.o(.text)
    _memset_w                                0x08008239   Thumb Code     0  rt_memclr_w.o(.text)
    __use_two_region_memory                  0x08008283   Thumb Code     2  heapauxi.o(.text)
    __rt_heap_escrow$2region                 0x08008285   Thumb Code     2  heapauxi.o(.text)
    __rt_heap_expand$2region                 0x08008287   Thumb Code     2  heapauxi.o(.text)
    __user_setup_stackheap                   0x08008289   Thumb Code    74  sys_stackheap_outer.o(.text)
    exit                                     0x080082d3   Thumb Code    18  exit.o(.text)
    __user_libspace                          0x080082e5   Thumb Code     8  libspace.o(.text)
    __user_perproc_libspace                  0x080082e5   Thumb Code     0  libspace.o(.text)
    __user_perthread_libspace                0x080082e5   Thumb Code     0  libspace.o(.text)
    _sys_exit                                0x080082ed   Thumb Code     8  sys_exit.o(.text)
    __I$use$semihosting                      0x080082f9   Thumb Code     0  use_no_semi.o(.text)
    __use_no_semihosting_swi                 0x080082f9   Thumb Code     2  use_no_semi.o(.text)
    __semihosting_library_function           0x080082fb   Thumb Code     0  indicate_semi.o(.text)
    DecryptionFlash                          0x080082fd   Thumb Code    50  scene&group.o(i.DecryptionFlash)
    __aeabi_dadd                             0x0800833d   Thumb Code     0  daddsub_clz.o(x$fpl$dadd)
    _dadd                                    0x0800833d   Thumb Code   332  daddsub_clz.o(x$fpl$dadd)
    __aeabi_d2uiz                            0x0800848d   Thumb Code     0  dfixu.o(x$fpl$dfixu)
    _dfixu                                   0x0800848d   Thumb Code    90  dfixu.o(x$fpl$dfixu)
    __aeabi_ui2d                             0x080084e7   Thumb Code     0  dflt_clz.o(x$fpl$dfltu)
    _dfltu                                   0x080084e7   Thumb Code    38  dflt_clz.o(x$fpl$dfltu)
    __aeabi_dmul                             0x0800850d   Thumb Code     0  dmul.o(x$fpl$dmul)
    _dmul                                    0x0800850d   Thumb Code   332  dmul.o(x$fpl$dmul)
    __fpl_dnaninf                            0x08008661   Thumb Code   156  dnaninf.o(x$fpl$dnaninf)
    __fpl_dretinf                            0x080086fd   Thumb Code    12  dretinf.o(x$fpl$dretinf)
    __aeabi_dsub                             0x08008709   Thumb Code     0  daddsub_clz.o(x$fpl$dsub)
    _dsub                                    0x08008709   Thumb Code   464  daddsub_clz.o(x$fpl$dsub)
    HeadCMD                                  0x080088dc   Data           6  command.o(.constdata)
    __I$use$fp                               0x080088dc   Number         0  usenofp.o(x$fpl$usenofp)
    TailCMD                                  0x080088e2   Data           6  command.o(.constdata)
    CRCTable                                 0x080088e8   Data         512  crc.o(.constdata)
    SysAttrTable                             0x08008ae8   Data         560  sysexeattr.o(.constdata)
    Si4432Cfg_Tab                            0x08008d20   Data          21  si4432.o(.constdata)
    VoltageTab                               0x08008d3e   Data          22  battery.o(.constdata)
    flashFlag                                0x08008d54   Data          23  flashsizeflag.o(.constdata)
    UnitTab                                  0x08008d6c   Data          32  unitcfg.o(.constdata)
    ASCII_1608                               0x08008d8c   Data        1520  oled.o(.constdata)
    GB1616_ZMo                               0x0800937c   Data          34  oled.o(.constdata)
    GB1616                                   0x0800939e   Data         544  oled.o(.constdata)
    PIC_NUM                                  0x080095c0   Data           1  touchpadpic.o(.constdata)
    PIC_SIZE                                 0x080095c2   Data           2  touchpadpic.o(.constdata)
    PIC_TAB_START_ADDR                       0x080095c4   Data           4  touchpadpic.o(.constdata)
    PIC_TAB_END_ADDR                         0x080095c8   Data           4  touchpadpic.o(.constdata)
    PicTab_Bat                               0x080095cc   Data         246  touchpadpic.o(.constdata)
    PicPower                                 0x080096c2   Data         224  touchpadpic.o(.constdata)
    KeyAttrTab                               0x080097ac   Data         240  keyexeattr.o(.constdata)
    Region$$Table$$Base                      0x0800989c   Number         0  anon$$obj.o(Region$$Table)
    Region$$Table$$Limit                     0x080098bc   Number         0  anon$$obj.o(Region$$Table)
    SystemCoreClock                          0x20000000   Data           4  system_stm32l1xx.o(.data)
    PLLMulTable                              0x20000004   Data           9  system_stm32l1xx.o(.data)
    AHBPrescTable                            0x2000000d   Data          16  system_stm32l1xx.o(.data)
    DelayID                                  0x20000020   Data           4  object.o(.data)
    Sign433_State                            0x20000025   Data           1  sign433.o(.data)
    PACK_SIZE                                0x20000027   Data           1  updata.o(.data)
    err                                      0x20000028   Data           1  updata.o(.data)
    TestRecFlag                              0x2000002f   Data           1  si4432.o(.data)
    Test                                     0x2000004c   Data           4  test.o(.data)
    gPowerPercent                            0x20000050   Data           1  battery.o(.data)
    gPowerLv                                 0x20000051   Data           1  battery.o(.data)
    gSleepFlag                               0x20000052   Data           1  lowpower.o(.data)
    gWukeUpForPassWord                       0x20000053   Data           1  lowpower.o(.data)
    PicTab                                   0x20000058   Data         196  touchpadpic.o(.data)
    gKeyCh                                   0x20000120   Data           7  key.o(.data)
    gKeyStatus                               0x20000127   Data           7  key.o(.data)
    gPassword                                0x2000012e   Data           4  key.o(.data)
    gPswFlag                                 0x20000132   Data           1  key.o(.data)
    rcv433fifo                               0x20000174   Data          16  cmdprocess.o(.bss)
    send433fifo                              0x20000184   Data          16  cmdprocess.o(.bss)
    rcvBuf                                   0x20000194   Data        1024  cmdprocess.o(.bss)
    rcv_433                                  0x20000994   Data         264  cmdprocess.o(.bss)
    send_433                                 0x20000a9c   Data         264  cmdprocess.o(.bss)
    propfifo                                 0x20000ba4   Data          16  linkscanfifo.o(.bss)
    propbuf                                  0x20000bb4   Data         128  linkscanfifo.o(.bss)
    ALink                                    0x20000c34   Data        1651  linksimplest.o(.bss)
    RData                                    0x200012a8   Data         320  object.o(.bss)
    gSign433Comm                             0x200013e8   Data          12  sign433.o(.bss)
    IAP_FLAG                                 0x20001538   Data          16  updata.o(.bss)
    PACK_ID                                  0x20001548   Data         256  updata.o(.bss)
    gSysData                                 0x20001648   Data          31  userdata.o(.bss)
    UserDownload                             0x20001668   Data         140  userdatadownload.o(.bss)
    TestRecRSSI                              0x200016f4   Data         100  si4432.o(.bss)
    gUnitData                                0x20001758   Data          16  unitcfg.o(.bss)
    gKeyPrevState                            0x20001768   Data           9  key.o(.bss)
    ComplexImportFilter                      0x20001784   Data          40  key.o(.bss)
    __libspace_start                         0x200017ac   Data          96  libspace.o(.bss)
    __temporary_stack_top$libspace           0x2000180c   Data           0  libspace.o(.bss)



==============================================================================

Memory Map of the image

  Image Entry point : 0x080008f5

  Load Region LR_IROM1 (Base: 0x08000800, Size: 0x00009230, Max: 0x00020000, ABSOLUTE, COMPRESSED[0x00009180])

    Execution Region ER_IROM1 (Base: 0x08000800, Size: 0x000090bc, Max: 0x00020000, ABSOLUTE)

    Base Addr    Size         Type   Attr      Idx    E Section Name        Object

    0x08000800   0x000000f4   Data   RO            3    RESET               startup_stm32l1xx_md.o
    0x080008f4   0x00000008   Code   RO         1577  * !!!main             c_w.l(__main.o)
    0x080008fc   0x00000034   Code   RO         1759    !!!scatter          c_w.l(__scatter.o)
    0x08000930   0x0000005a   Code   RO         1757    !!dczerorl2         c_w.l(__dczerorl2.o)
    0x0800098a   0x00000002   PAD
    0x0800098c   0x0000001c   Code   RO         1761    !!handler_zi        c_w.l(__scatter_zi.o)
    0x080009a8   0x00000002   Code   RO         1627    .ARM.Collect$$libinit$$00000000  c_w.l(libinit.o)
    0x080009aa   0x00000000   Code   RO         1634    .ARM.Collect$$libinit$$00000002  c_w.l(libinit2.o)
    0x080009aa   0x00000000   Code   RO         1636    .ARM.Collect$$libinit$$00000004  c_w.l(libinit2.o)
    0x080009aa   0x00000000   Code   RO         1639    .ARM.Collect$$libinit$$0000000A  c_w.l(libinit2.o)
    0x080009aa   0x00000000   Code   RO         1641    .ARM.Collect$$libinit$$0000000C  c_w.l(libinit2.o)
    0x080009aa   0x00000000   Code   RO         1643    .ARM.Collect$$libinit$$0000000E  c_w.l(libinit2.o)
    0x080009aa   0x00000000   Code   RO         1646    .ARM.Collect$$libinit$$00000011  c_w.l(libinit2.o)
    0x080009aa   0x00000000   Code   RO         1648    .ARM.Collect$$libinit$$00000013  c_w.l(libinit2.o)
    0x080009aa   0x00000000   Code   RO         1650    .ARM.Collect$$libinit$$00000015  c_w.l(libinit2.o)
    0x080009aa   0x00000000   Code   RO         1652    .ARM.Collect$$libinit$$00000017  c_w.l(libinit2.o)
    0x080009aa   0x00000000   Code   RO         1654    .ARM.Collect$$libinit$$00000019  c_w.l(libinit2.o)
    0x080009aa   0x00000000   Code   RO         1656    .ARM.Collect$$libinit$$0000001B  c_w.l(libinit2.o)
    0x080009aa   0x00000000   Code   RO         1658    .ARM.Collect$$libinit$$0000001D  c_w.l(libinit2.o)
    0x080009aa   0x00000000   Code   RO         1660    .ARM.Collect$$libinit$$0000001F  c_w.l(libinit2.o)
    0x080009aa   0x00000000   Code   RO         1662    .ARM.Collect$$libinit$$00000021  c_w.l(libinit2.o)
    0x080009aa   0x00000000   Code   RO         1664    .ARM.Collect$$libinit$$00000023  c_w.l(libinit2.o)
    0x080009aa   0x00000000   Code   RO         1666    .ARM.Collect$$libinit$$00000025  c_w.l(libinit2.o)
    0x080009aa   0x00000000   Code   RO         1670    .ARM.Collect$$libinit$$0000002C  c_w.l(libinit2.o)
    0x080009aa   0x00000000   Code   RO         1672    .ARM.Collect$$libinit$$0000002E  c_w.l(libinit2.o)
    0x080009aa   0x00000000   Code   RO         1674    .ARM.Collect$$libinit$$00000030  c_w.l(libinit2.o)
    0x080009aa   0x00000000   Code   RO         1676    .ARM.Collect$$libinit$$00000032  c_w.l(libinit2.o)
    0x080009aa   0x00000002   Code   RO         1677    .ARM.Collect$$libinit$$00000033  c_w.l(libinit2.o)
    0x080009ac   0x00000002   Code   RO         1697    .ARM.Collect$$libshutdown$$00000000  c_w.l(libshutdown.o)
    0x080009ae   0x00000000   Code   RO         1710    .ARM.Collect$$libshutdown$$00000002  c_w.l(libshutdown2.o)
    0x080009ae   0x00000000   Code   RO         1712    .ARM.Collect$$libshutdown$$00000004  c_w.l(libshutdown2.o)
    0x080009ae   0x00000000   Code   RO         1715    .ARM.Collect$$libshutdown$$00000007  c_w.l(libshutdown2.o)
    0x080009ae   0x00000000   Code   RO         1718    .ARM.Collect$$libshutdown$$0000000A  c_w.l(libshutdown2.o)
    0x080009ae   0x00000000   Code   RO         1720    .ARM.Collect$$libshutdown$$0000000C  c_w.l(libshutdown2.o)
    0x080009ae   0x00000000   Code   RO         1723    .ARM.Collect$$libshutdown$$0000000F  c_w.l(libshutdown2.o)
    0x080009ae   0x00000002   Code   RO         1724    .ARM.Collect$$libshutdown$$00000010  c_w.l(libshutdown2.o)
    0x080009b0   0x00000000   Code   RO         1597    .ARM.Collect$$rtentry$$00000000  c_w.l(__rtentry.o)
    0x080009b0   0x00000000   Code   RO         1604    .ARM.Collect$$rtentry$$00000002  c_w.l(__rtentry2.o)
    0x080009b0   0x00000006   Code   RO         1616    .ARM.Collect$$rtentry$$00000004  c_w.l(__rtentry4.o)
    0x080009b6   0x00000000   Code   RO         1606    .ARM.Collect$$rtentry$$00000009  c_w.l(__rtentry2.o)
    0x080009b6   0x00000004   Code   RO         1607    .ARM.Collect$$rtentry$$0000000A  c_w.l(__rtentry2.o)
    0x080009ba   0x00000000   Code   RO         1609    .ARM.Collect$$rtentry$$0000000C  c_w.l(__rtentry2.o)
    0x080009ba   0x00000008   Code   RO         1610    .ARM.Collect$$rtentry$$0000000D  c_w.l(__rtentry2.o)
    0x080009c2   0x00000002   Code   RO         1631    .ARM.Collect$$rtexit$$00000000  c_w.l(rtexit.o)
    0x080009c4   0x00000000   Code   RO         1679    .ARM.Collect$$rtexit$$00000002  c_w.l(rtexit2.o)
    0x080009c4   0x00000004   Code   RO         1680    .ARM.Collect$$rtexit$$00000003  c_w.l(rtexit2.o)
    0x080009c8   0x00000006   Code   RO         1681    .ARM.Collect$$rtexit$$00000004  c_w.l(rtexit2.o)
    0x080009ce   0x00000002   PAD
    0x080009d0   0x00000022   Code   RO          942    .emb_text           sys.o
    0x080009f2   0x00000002   PAD
    0x080009f4   0x00000040   Code   RO            4    .text               startup_stm32l1xx_md.o
    0x08000a34   0x00000258   Code   RO           12    .text               system_stm32l1xx.o
    0x08000c8c   0x00000100   Code   RO           80    .text               bestfulib.o
    0x08000d8c   0x000002ac   Code   RO           92    .text               cmdprocess.o
    0x08001038   0x0000016c   Code   RO          139    .text               command.o
    0x080011a4   0x00000070   Code   RO          160    .text               crc.o
    0x08001214   0x00000034   Code   RO          177    .text               delay.o
    0x08001248   0x00000166   Code   RO          210    .text               eeprom.o
    0x080013ae   0x00000002   PAD
    0x080013b0   0x00000050   Code   RO          240    .text               faultmanage.o
    0x08001400   0x00000296   Code   RO          258    .text               fifo.o
    0x08001696   0x00000002   PAD
    0x08001698   0x00000220   Code   RO          272    .text               flashattr.o
    0x080018b8   0x00000098   Code   RO          292    .text               linkscanfifo.o
    0x08001950   0x00000310   Code   RO          326    .text               linksimplest.o
    0x08001c60   0x00000248   Code   RO          353    .text               linksrc.o
    0x08001ea8   0x00000338   Code   RO          365    .text               linkwrdc.o
    0x080021e0   0x000001d0   Code   RO          381    .text               msgpackage.o
    0x080023b0   0x000005b0   Code   RO          399    .text               object.o
    0x08002960   0x000003c0   Code   RO          437    .text               scene&group.o
    0x08002d20   0x000000b8   Code   RO          468    .text               sign433.o
    0x08002dd8   0x000001a8   Code   RO          509    .text               sign433attr.o
    0x08002f80   0x00000998   Code   RO          530    .text               sysexeattr.o
    0x08003918   0x00000064   Code   RO          570    .text               systestattr.o
    0x0800397c   0x00000328   Code   RO          600    .text               thread.o
    0x08003ca4   0x00000214   Code   RO          614    .text               unitshare_attr.o
    0x08003eb8   0x00000338   Code   RO          628    .text               updata.o
    0x080041f0   0x000000a0   Code   RO          650    .text               upload.o
    0x08004290   0x000007c4   Code   RO          666    .text               userdata.o
    0x08004a54   0x00000208   Code   RO          724    .text               userdatadownload.o
    0x08004c5c   0x00000002   Code   RO          750    .text               devicereset.o
    0x08004c5e   0x00000002   PAD
    0x08004c60   0x00000158   Code   RO          773    .text               flash.o
    0x08004db8   0x00000134   Code   RO          797    .text               gpio.o
    0x08004eec   0x0000036c   Code   RO          817    .text               i2c.o
    0x08005258   0x00000006   Code   RO          837    .text               instruct.o
    0x0800525e   0x00000002   PAD
    0x08005260   0x00000218   Code   RO          857    .text               program.o
    0x08005478   0x00000914   Code   RO          878    .text               si4432.o
    0x08005d8c   0x00000134   Code   RO          916    .text               spi.o
    0x08005ec0   0x000002c4   Code   RO          943    .text               sys.o
    0x08006184   0x00000104   Code   RO          966    .text               syshard.o
    0x08006288   0x00000070   Code   RO          989    .text               systick.o
    0x080062f8   0x00000020   Code   RO         1011    .text               test.o
    0x08006318   0x00000124   Code   RO         1037    .text               usart.o
    0x0800643c   0x00000054   Code   RO         1060    .text               wdg.o
    0x08006490   0x000001e8   Code   RO         1083    .text               adc.o
    0x08006678   0x000002d4   Code   RO         1106    .text               battery.o
    0x0800694c   0x000000e4   Code   RO         1137    .text               batteryexeattr.o
    0x08006a30   0x00000148   Code   RO         1186    .text               lowpower.o
    0x08006b78   0x00000010   Code   RO         1229    .text               flashsizeflag.o
    0x08006b88   0x0000011c   Code   RO         1250    .text               importfilter.o
    0x08006ca4   0x00000040   Code   RO         1267    .text               main.o
    0x08006ce4   0x0000003c   Code   RO         1293    .text               unitcfg.o
    0x08006d20   0x00000344   Code   RO         1322    .text               iic.o
    0x08007064   0x00000520   Code   RO         1345    .text               oled.o
    0x08007584   0x00000050   Code   RO         1385    .text               wtc6216.o
    0x080075d4   0x0000002c   Code   RO         1412    .text               iwdg.o
    0x08007600   0x000001d0   Code   RO         1435    .text               showled.o
    0x080077d0   0x000000fa   Code   RO         1460    .text               queue.o
    0x080078ca   0x00000002   PAD
    0x080078cc   0x00000078   Code   RO         1477    .text               timx.o
    0x08007944   0x000005e8   Code   RO         1500    .text               key.o
    0x08007f2c   0x00000308   Code   RO         1539    .text               keyexeattr.o
    0x08008234   0x0000004e   Code   RO         1573    .text               c_w.l(rt_memclr_w.o)
    0x08008282   0x00000006   Code   RO         1575    .text               c_w.l(heapauxi.o)
    0x08008288   0x0000004a   Code   RO         1618    .text               c_w.l(sys_stackheap_outer.o)
    0x080082d2   0x00000012   Code   RO         1620    .text               c_w.l(exit.o)
    0x080082e4   0x00000008   Code   RO         1628    .text               c_w.l(libspace.o)
    0x080082ec   0x0000000c   Code   RO         1689    .text               c_w.l(sys_exit.o)
    0x080082f8   0x00000002   Code   RO         1700    .text               c_w.l(use_no_semi.o)
    0x080082fa   0x00000000   Code   RO         1702    .text               c_w.l(indicate_semi.o)
    0x080082fa   0x00000002   PAD
    0x080082fc   0x00000040   Code   RO          452    i.DecryptionFlash   scene&group.o
    0x0800833c   0x00000150   Code   RO         1579    x$fpl$dadd          fz_ws.l(daddsub_clz.o)
    0x0800848c   0x0000005a   Code   RO         1585    x$fpl$dfixu         fz_ws.l(dfixu.o)
    0x080084e6   0x00000026   Code   RO         1589    x$fpl$dfltu         fz_ws.l(dflt_clz.o)
    0x0800850c   0x00000154   Code   RO         1595    x$fpl$dmul          fz_ws.l(dmul.o)
    0x08008660   0x0000009c   Code   RO         1598    x$fpl$dnaninf       fz_ws.l(dnaninf.o)
    0x080086fc   0x0000000c   Code   RO         1600    x$fpl$dretinf       fz_ws.l(dretinf.o)
    0x08008708   0x000001d4   Code   RO         1581    x$fpl$dsub          fz_ws.l(daddsub_clz.o)
    0x080088dc   0x00000000   Code   RO         1602    x$fpl$usenofp       fz_ws.l(usenofp.o)
    0x080088dc   0x0000000c   Data   RO          140    .constdata          command.o
    0x080088e8   0x00000200   Data   RO          161    .constdata          crc.o
    0x08008ae8   0x00000230   Data   RO          531    .constdata          sysexeattr.o
    0x08008d18   0x00000008   Data   RO          858    .constdata          program.o
    0x08008d20   0x0000001e   Data   RO          880    .constdata          si4432.o
    0x08008d3e   0x00000016   Data   RO         1107    .constdata          battery.o
    0x08008d54   0x00000017   Data   RO         1230    .constdata          flashsizeflag.o
    0x08008d6b   0x00000001   PAD
    0x08008d6c   0x00000020   Data   RO         1295    .constdata          unitcfg.o
    0x08008d8c   0x00000832   Data   RO         1346    .constdata          oled.o
    0x080095be   0x00000002   PAD
    0x080095c0   0x000001e2   Data   RO         1369    .constdata          touchpadpic.o
    0x080097a2   0x00000007   Data   RO         1502    .constdata          key.o
    0x080097a9   0x00000003   PAD
    0x080097ac   0x000000f0   Data   RO         1540    .constdata          keyexeattr.o
    0x0800989c   0x00000020   Data   RO         1755    Region$$Table       anon$$obj.o


    Execution Region RW_IRAM1 (Base: 0x20000000, Size: 0x00002210, Max: 0x00004000, ABSOLUTE, COMPRESSED[0x000000c4])

    Base Addr    Size         Type   Attr      Idx    E Section Name        Object

    0x20000000   0x0000001d   Data   RW           13    .data               system_stm32l1xx.o
    0x2000001d   0x00000002   Data   RW          273    .data               flashattr.o
    0x2000001f   0x00000001   PAD
    0x20000020   0x00000005   Data   RW          401    .data               object.o
    0x20000025   0x00000002   Data   RW          470    .data               sign433.o
    0x20000027   0x00000002   Data   RW          630    .data               updata.o
    0x20000029   0x00000001   Data   RW          651    .data               upload.o
    0x2000002a   0x00000001   Data   RW          668    .data               userdata.o
    0x2000002b   0x00000001   PAD
    0x2000002c   0x00000018   Data   RW          881    .data               si4432.o
    0x20000044   0x00000008   Data   RW          990    .data               systick.o
    0x2000004c   0x00000004   Data   RW         1012    .data               test.o
    0x20000050   0x00000002   Data   RW         1108    .data               battery.o
    0x20000052   0x00000004   Data   RW         1187    .data               lowpower.o
    0x20000056   0x00000002   PAD
    0x20000058   0x000000c4   Data   RW         1370    .data               touchpadpic.o
    0x2000011c   0x00000003   Data   RW         1437    .data               showled.o
    0x2000011f   0x00000001   PAD
    0x20000120   0x0000004f   Data   RW         1503    .data               key.o
    0x2000016f   0x00000002   Data   RW         1541    .data               keyexeattr.o
    0x20000171   0x00000003   PAD
    0x20000174   0x00000a30   Zero   RW           93    .bss                cmdprocess.o
    0x20000ba4   0x00000090   Zero   RW          293    .bss                linkscanfifo.o
    0x20000c34   0x00000673   Zero   RW          327    .bss                linksimplest.o
    0x200012a7   0x00000001   PAD
    0x200012a8   0x00000140   Zero   RW          400    .bss                object.o
    0x200013e8   0x0000000c   Zero   RW          469    .bss                sign433.o
    0x200013f4   0x00000144   Zero   RW          601    .bss                thread.o
    0x20001538   0x00000110   Zero   RW          629    .bss                updata.o
    0x20001648   0x0000001f   Zero   RW          667    .bss                userdata.o
    0x20001667   0x00000001   PAD
    0x20001668   0x0000008c   Zero   RW          725    .bss                userdatadownload.o
    0x200016f4   0x00000064   Zero   RW          879    .bss                si4432.o
    0x20001758   0x00000010   Zero   RW         1294    .bss                unitcfg.o
    0x20001768   0x00000044   Zero   RW         1501    .bss                key.o
    0x200017ac   0x00000060   Zero   RW         1629    .bss                c_w.l(libspace.o)
    0x2000180c   0x00000004   PAD
    0x20001810   0x00000200   Zero   RW            2    HEAP                startup_stm32l1xx_md.o
    0x20001a10   0x00000800   Zero   RW            1    STACK               startup_stm32l1xx_md.o


==============================================================================

Image component sizes


      Code (inc. data)   RO Data    RW Data    ZI Data      Debug   Object Name

       488         18          0          0          0       2293   adc.o
       724         14         22          2          0       4392   battery.o
       228         20          0          0          0       7435   batteryexeattr.o
       256          0          0          0          0       2658   bestfulib.o
       684         62          0          0       2608       8098   cmdprocess.o
       364          8         12          0          0       2256   command.o
       112          4        512          0          0       2131   crc.o
        52          0          0          0          0        852   delay.o
         2          0          0          0          0        636   devicereset.o
       358          0          0          0          0       5019   eeprom.o
        80          6          0          0          0       1391   faultmanage.o
       662          0          0          0          0       4482   fifo.o
       344         26          0          0          0       3024   flash.o
       544         36          0          2          0       3443   flashattr.o
        16          6         23          0          0       1660   flashsizeflag.o
       308         10          0          0          0       2438   gpio.o
       876          0          0          0          0       4093   i2c.o
       836          6          0          0          0       3516   iic.o
       284          0          0          0          0       3321   importfilter.o
         6          0          0          0          0        786   instruct.o
        44          6          0          0          0        822   iwdg.o
      1512        182          7         79         68       6906   key.o
       776         64        240          2          0       4456   keyexeattr.o
       152         12          0          0        144       2849   linkscanfifo.o
       784         10          0          0       1651       6594   linksimplest.o
       584         34          0          0          0       2357   linksrc.o
       824          4          0          0          0       6620   linkwrdc.o
       328         40          0          4          0      26929   lowpower.o
        64          8          0          0          0        675   main.o
       464         14          0          0          0       3196   msgpackage.o
      1456         44          0          5        320       5136   object.o
      1312         16       2098          0          0       7146   oled.o
       536         32          8          0          0       3665   program.o
       250          0          0          0          0       2804   queue.o
      1024         14          0          0          0       4068   scene&group.o
       464         28          0          3          0       3188   showled.o
      2324        122         30         24        100       6585   si4432.o
       184         10          0          2         12       8200   sign433.o
       424         26          0          0          0       3854   sign433attr.o
       308         10          0          0          0       1304   spi.o
        64         26        244          0       2560        984   startup_stm32l1xx_md.o
       742         50          0          0          0       4114   sys.o
      2456         44        560          0          0      13221   sysexeattr.o
       260         16          0          0          0       1138   syshard.o
       600         50          0         29          0     197938   system_stm32l1xx.o
       100         16          0          0          0       1570   systestattr.o
       112         14          0          8          0       1703   systick.o
        32          4          0          4          0       1039   test.o
       808          6          0          0        324       3961   thread.o
       120          6          0          0          0       1480   timx.o
         0          0        482        196          0       1206   touchpadpic.o
        60          8         32          0         16       3688   unitcfg.o
       532         10          0          0          0       2700   unitshare_attr.o
       824         40          0          2        272       4619   updata.o
       160          8          0          1          0       1514   upload.o
       292         18          0          0          0       2107   usart.o
      1988         32          0          1         31      14369   userdata.o
       520         44          0          0        140       2953   userdatadownload.o
        84          6          0          0          0       1745   wdg.o
        80         10          0          0          0        871   wtc6216.o

    ----------------------------------------------------------------------
     30884       1300       4308        372       8248     434198   Object Totals
         0          0         32          0          0          0   (incl. Generated)
        12          0          6          8          2          0   (incl. Padding)

    ----------------------------------------------------------------------

      Code (inc. data)   RO Data    RW Data    ZI Data      Debug   Library Member Name

        90          0          0          0          0          0   __dczerorl2.o
         8          0          0          0          0         68   __main.o
         0          0          0          0          0          0   __rtentry.o
        12          0          0          0          0          0   __rtentry2.o
         6          0          0          0          0          0   __rtentry4.o
        52          8          0          0          0          0   __scatter.o
        28          0          0          0          0          0   __scatter_zi.o
        18          0          0          0          0         80   exit.o
         6          0          0          0          0        152   heapauxi.o
         0          0          0          0          0          0   indicate_semi.o
         2          0          0          0          0          0   libinit.o
         2          0          0          0          0          0   libinit2.o
         2          0          0          0          0          0   libshutdown.o
         2          0          0          0          0          0   libshutdown2.o
         8          4          0          0         96         68   libspace.o
        78          0          0          0          0         80   rt_memclr_w.o
         2          0          0          0          0          0   rtexit.o
        10          0          0          0          0          0   rtexit2.o
        12          4          0          0          0         68   sys_exit.o
        74          0          0          0          0         80   sys_stackheap_outer.o
         2          0          0          0          0         68   use_no_semi.o
       804         16          0          0          0        272   daddsub_clz.o
        90          4          0          0          0         92   dfixu.o
        38          0          0          0          0         68   dflt_clz.o
       340         12          0          0          0        104   dmul.o
       156          4          0          0          0         92   dnaninf.o
        12          0          0          0          0         68   dretinf.o
         0          0          0          0          0          0   usenofp.o

    ----------------------------------------------------------------------
      1860         52          0          0        100       1360   Library Totals
         6          0          0          0          4          0   (incl. Padding)

    ----------------------------------------------------------------------

      Code (inc. data)   RO Data    RW Data    ZI Data      Debug   Library Name

       414         16          0          0         96        664   c_w.l
      1440         36          0          0          0        696   fz_ws.l

    ----------------------------------------------------------------------
      1860         52          0          0        100       1360   Library Totals

    ----------------------------------------------------------------------

==============================================================================


      Code (inc. data)   RO Data    RW Data    ZI Data      Debug   

     32744       1352       4308        372       8348     430666   Grand Totals
     32744       1352       4308        196       8348     430666   ELF Image Totals (compressed)
     32744       1352       4308        196          0          0   ROM Totals

==============================================================================

    Total RO  Size (Code + RO Data)                37052 (  36.18kB)
    Total RW  Size (RW Data + ZI Data)              8720 (   8.52kB)
    Total ROM Size (Code + RO Data + RW Data)      37248 (  36.38kB)

==============================================================================

